_7_seg.c:4:6:PowerOn_7_SEG_D1	8	static
_7_seg.c:8:6:PowerOff_7_SEG_D1	8	static
_7_seg.c:12:6:PowerOn_7_SEG_D2	8	static
_7_seg.c:16:6:PowerOff_7_SEG_D2	8	static
_7_seg.c:20:6:PowerOn_7_SEG_D3	8	static
_7_seg.c:24:6:PowerOff_7_SEG_D3	8	static
_7_seg.c:28:6:PowerOn_7_SEG_D4	8	static
_7_seg.c:32:6:PowerOff_7_SEG_D4	8	static
_7_seg.c:36:6:PowerOn_7_SEG_D5	8	static
_7_seg.c:40:6:PowerOff_7_SEG_D5	8	static
_7_seg.c:44:6:PowerOn_7_SEG_D6	8	static
_7_seg.c:48:6:PowerOff_7_SEG_D6	8	static
_7_seg.c:52:6:PowerOn_7_SEG_D7	8	static
_7_seg.c:56:6:PowerOff_7_SEG_D7	8	static
_7_seg.c:60:6:PowerOn_7_SEG_D8	8	static
_7_seg.c:64:6:PowerOff_7_SEG_D8	8	static
_7_seg.c:68:6:PowerOn_7_SEG_A1	8	static
_7_seg.c:72:6:PowerOff_7_SEG_A1	8	static
_7_seg.c:76:6:PowerOn_7_SEG_A2	8	static
_7_seg.c:80:6:PowerOff_7_SEG_A2	8	static
_7_seg.c:84:6:PowerOn_7_SEG_A3	8	static
_7_seg.c:88:6:PowerOff_7_SEG_A3	8	static
_7_seg.c:92:6:PowerOn_7_SEG_A4	8	static
_7_seg.c:96:6:PowerOff_7_SEG_A4	8	static
_7_seg.c:100:6:PowerOn_7_SEG_A5	8	static
_7_seg.c:104:6:PowerOff_7_SEG_A5	8	static
_7_seg.c:108:6:PowerOn_7_SEG_A6	8	static
_7_seg.c:112:6:PowerOff_7_SEG_A6	8	static
_7_seg.c:116:6:PowerOn_7_SEG_A7	8	static
_7_seg.c:120:6:PowerOff_7_SEG_A7	8	static
_7_seg.c:124:6:PowerOn_7_SEG_A8	8	static
_7_seg.c:128:6:PowerOff_7_SEG_A8	8	static
_7_seg.c:132:6:PowerOff_All	8	static
_7_seg.c:151:6:Dot_left	16	static
_7_seg.c:227:6:Dot_right	16	static
