Archive member included to satisfy reference by file (symbol)

c:/st/stm32cubeide_1.8.0/stm32cubeide/plugins/com.st.stm32cube.ide.mcu.externaltools.gnu-tools-for-stm32.9-2020-q2-update.win32_2.0.0.202105311346/tools/bin/../lib/gcc/arm-none-eabi/9.3.1/../../../../arm-none-eabi/lib/thumb/v7e-m+dp/hard\libc_nano.a(lib_a-errno.o)
                              ./Core/Src/syscalls.o (__errno)
c:/st/stm32cubeide_1.8.0/stm32cubeide/plugins/com.st.stm32cube.ide.mcu.externaltools.gnu-tools-for-stm32.9-2020-q2-update.win32_2.0.0.202105311346/tools/bin/../lib/gcc/arm-none-eabi/9.3.1/../../../../arm-none-eabi/lib/thumb/v7e-m+dp/hard\libc_nano.a(lib_a-exit.o)
                              c:/st/stm32cubeide_1.8.0/stm32cubeide/plugins/com.st.stm32cube.ide.mcu.externaltools.gnu-tools-for-stm32.9-2020-q2-update.win32_2.0.0.202105311346/tools/bin/../lib/gcc/arm-none-eabi/9.3.1/../../../../arm-none-eabi/lib/thumb/v7e-m+dp/hard/crt0.o (exit)
c:/st/stm32cubeide_1.8.0/stm32cubeide/plugins/com.st.stm32cube.ide.mcu.externaltools.gnu-tools-for-stm32.9-2020-q2-update.win32_2.0.0.202105311346/tools/bin/../lib/gcc/arm-none-eabi/9.3.1/../../../../arm-none-eabi/lib/thumb/v7e-m+dp/hard\libc_nano.a(lib_a-findfp.o)
                              ./Middlewares/Third_Party/FreeRTOS/Source/tasks.o (__sf_fake_stderr)
c:/st/stm32cubeide_1.8.0/stm32cubeide/plugins/com.st.stm32cube.ide.mcu.externaltools.gnu-tools-for-stm32.9-2020-q2-update.win32_2.0.0.202105311346/tools/bin/../lib/gcc/arm-none-eabi/9.3.1/../../../../arm-none-eabi/lib/thumb/v7e-m+dp/hard\libc_nano.a(lib_a-fwalk.o)
                              c:/st/stm32cubeide_1.8.0/stm32cubeide/plugins/com.st.stm32cube.ide.mcu.externaltools.gnu-tools-for-stm32.9-2020-q2-update.win32_2.0.0.202105311346/tools/bin/../lib/gcc/arm-none-eabi/9.3.1/../../../../arm-none-eabi/lib/thumb/v7e-m+dp/hard\libc_nano.a(lib_a-findfp.o) (_fwalk)
c:/st/stm32cubeide_1.8.0/stm32cubeide/plugins/com.st.stm32cube.ide.mcu.externaltools.gnu-tools-for-stm32.9-2020-q2-update.win32_2.0.0.202105311346/tools/bin/../lib/gcc/arm-none-eabi/9.3.1/../../../../arm-none-eabi/lib/thumb/v7e-m+dp/hard\libc_nano.a(lib_a-impure.o)
                              c:/st/stm32cubeide_1.8.0/stm32cubeide/plugins/com.st.stm32cube.ide.mcu.externaltools.gnu-tools-for-stm32.9-2020-q2-update.win32_2.0.0.202105311346/tools/bin/../lib/gcc/arm-none-eabi/9.3.1/../../../../arm-none-eabi/lib/thumb/v7e-m+dp/hard\libc_nano.a(lib_a-exit.o) (_global_impure_ptr)
c:/st/stm32cubeide_1.8.0/stm32cubeide/plugins/com.st.stm32cube.ide.mcu.externaltools.gnu-tools-for-stm32.9-2020-q2-update.win32_2.0.0.202105311346/tools/bin/../lib/gcc/arm-none-eabi/9.3.1/../../../../arm-none-eabi/lib/thumb/v7e-m+dp/hard\libc_nano.a(lib_a-init.o)
                              c:/st/stm32cubeide_1.8.0/stm32cubeide/plugins/com.st.stm32cube.ide.mcu.externaltools.gnu-tools-for-stm32.9-2020-q2-update.win32_2.0.0.202105311346/tools/bin/../lib/gcc/arm-none-eabi/9.3.1/../../../../arm-none-eabi/lib/thumb/v7e-m+dp/hard/crt0.o (__libc_init_array)
c:/st/stm32cubeide_1.8.0/stm32cubeide/plugins/com.st.stm32cube.ide.mcu.externaltools.gnu-tools-for-stm32.9-2020-q2-update.win32_2.0.0.202105311346/tools/bin/../lib/gcc/arm-none-eabi/9.3.1/../../../../arm-none-eabi/lib/thumb/v7e-m+dp/hard\libc_nano.a(lib_a-lock.o)
                              c:/st/stm32cubeide_1.8.0/stm32cubeide/plugins/com.st.stm32cube.ide.mcu.externaltools.gnu-tools-for-stm32.9-2020-q2-update.win32_2.0.0.202105311346/tools/bin/../lib/gcc/arm-none-eabi/9.3.1/../../../../arm-none-eabi/lib/thumb/v7e-m+dp/hard\libc_nano.a(lib_a-findfp.o) (__retarget_lock_init_recursive)
c:/st/stm32cubeide_1.8.0/stm32cubeide/plugins/com.st.stm32cube.ide.mcu.externaltools.gnu-tools-for-stm32.9-2020-q2-update.win32_2.0.0.202105311346/tools/bin/../lib/gcc/arm-none-eabi/9.3.1/../../../../arm-none-eabi/lib/thumb/v7e-m+dp/hard\libc_nano.a(lib_a-memcpy-stub.o)
                              ./Drivers/STM32H7xx_HAL_Driver/Src/stm32h7xx_hal_fdcan.o (memcpy)
c:/st/stm32cubeide_1.8.0/stm32cubeide/plugins/com.st.stm32cube.ide.mcu.externaltools.gnu-tools-for-stm32.9-2020-q2-update.win32_2.0.0.202105311346/tools/bin/../lib/gcc/arm-none-eabi/9.3.1/../../../../arm-none-eabi/lib/thumb/v7e-m+dp/hard\libc_nano.a(lib_a-memset.o)
                              c:/st/stm32cubeide_1.8.0/stm32cubeide/plugins/com.st.stm32cube.ide.mcu.externaltools.gnu-tools-for-stm32.9-2020-q2-update.win32_2.0.0.202105311346/tools/bin/../lib/gcc/arm-none-eabi/9.3.1/../../../../arm-none-eabi/lib/thumb/v7e-m+dp/hard/crt0.o (memset)
c:/st/stm32cubeide_1.8.0/stm32cubeide/plugins/com.st.stm32cube.ide.mcu.externaltools.gnu-tools-for-stm32.9-2020-q2-update.win32_2.0.0.202105311346/tools/bin/../lib/gcc/arm-none-eabi/9.3.1/../../../../arm-none-eabi/lib/thumb/v7e-m+dp/hard\libc_nano.a(lib_a-nano-mallocr.o)
[...]
Memory Configuration

Name             Origin             Length             Attributes
ITCMRAM          0x0000000000000000 0x0000000000010000 xrw
FLASH            0x0000000008000000 0x0000000000200000 xr
DTCMRAM1         0x0000000020000000 0x0000000000010000 xrw
DTCMRAM2         0x0000000020010000 0x0000000000010000 xrw
RAM              0x0000000024000000 0x0000000000100000 xrw
RAM_CD           0x0000000030000000 0x0000000000020000 xrw
RAM_SRD          0x0000000038000000 0x0000000000008000 xrw
*default*        0x0000000000000000 0xffffffffffffffff

Linker script and memory map

LOAD c:/st/stm32cubeide_1.8.0/stm32cubeide/plugins/com.st.stm32cube.ide.mcu.externaltools.gnu-tools-for-stm32.9-2020-q2-update.win32_2.0.0.202105311346/tools/bin/../lib/gcc/arm-none-eabi/9.3.1/thumb/v7e-m+dp/hard/crti.o
LOAD c:/st/stm32cubeide_1.8.0/stm32cubeide/plugins/com.st.stm32cube.ide.mcu.externaltools.gnu-tools-for-stm32.9-2020-q2-update.win32_2.0.0.202105311346/tools/bin/../lib/gcc/arm-none-eabi/9.3.1/thumb/v7e-m+dp/hard/crtbegin.o
LOAD c:/st/stm32cubeide_1.8.0/stm32cubeide/plugins/com.st.stm32cube.ide.mcu.externaltools.gnu-tools-for-stm32.9-2020-q2-update.win32_2.0.0.202105311346/tools/bin/../lib/gcc/arm-none-eabi/9.3.1/../../../../arm-none-eabi/lib/thumb/v7e-m+dp/hard/crt0.o
LOAD ./Core/Src/_7_seg.o
LOAD ./Core/Src/fdcan.o
LOAD ./Core/Src/freertos.o
LOAD ./Core/Src/gpio.o
LOAD ./Core/Src/main.o
LOAD ./Core/Src/stm32h7xx_hal_msp.o
LOAD ./Core/Src/stm32h7xx_hal_timebase_tim.o
LOAD ./Core/Src/stm32h7xx_it.o
LOAD ./Core/Src/syscalls.o
LOAD ./Core/Src/sysmem.o
LOAD ./Core/Src/system_stm32h7xx.o
LOAD ./Core/Startup/startup_stm32h7a3zitxq.o
LOAD ./Drivers/STM32H7xx_HAL_Driver/Src/stm32h7xx_hal.o
LOAD ./Drivers/STM32H7xx_HAL_Driver/Src/stm32h7xx_hal_cortex.o
LOAD ./Drivers/STM32H7xx_HAL_Driver/Src/stm32h7xx_hal_dma.o
LOAD ./Drivers/STM32H7xx_HAL_Driver/Src/stm32h7xx_hal_dma_ex.o
LOAD ./Drivers/STM32H7xx_HAL_Driver/Src/stm32h7xx_hal_exti.o
LOAD ./Drivers/STM32H7xx_HAL_Driver/Src/stm32h7xx_hal_fdcan.o
LOAD ./Drivers/STM32H7xx_HAL_Driver/Src/stm32h7xx_hal_flash.o
LOAD ./Drivers/STM32H7xx_HAL_Driver/Src/stm32h7xx_hal_flash_ex.o
LOAD ./Drivers/STM32H7xx_HAL_Driver/Src/stm32h7xx_hal_gpio.o
LOAD ./Drivers/STM32H7xx_HAL_Driver/Src/stm32h7xx_hal_hsem.o
LOAD ./Drivers/STM32H7xx_HAL_Driver/Src/stm32h7xx_hal_i2c.o
LOAD ./Drivers/STM32H7xx_HAL_Driver/Src/stm32h7xx_hal_i2c_ex.o
LOAD ./Drivers/STM32H7xx_HAL_Driver/Src/stm32h7xx_hal_mdma.o
LOAD ./Drivers/STM32H7xx_HAL_Driver/Src/stm32h7xx_hal_pwr.o
LOAD ./Drivers/STM32H7xx_HAL_Driver/Src/stm32h7xx_hal_pwr_ex.o
LOAD ./Drivers/STM32H7xx_HAL_Driver/Src/stm32h7xx_hal_rcc.o
LOAD ./Drivers/STM32H7xx_HAL_Driver/Src/stm32h7xx_hal_rcc_ex.o
LOAD ./Drivers/STM32H7xx_HAL_Driver/Src/stm32h7xx_hal_tim.o
LOAD ./Drivers/STM32H7xx_HAL_Driver/Src/stm32h7xx_hal_tim_ex.o
LOAD ./Middlewares/Third_Party/FreeRTOS/Source/CMSIS_RTOS_V2/cmsis_os2.o
LOAD ./Middlewares/Third_Party/FreeRTOS/Source/croutine.o
LOAD ./Middlewares/Third_Party/FreeRTOS/Source/event_groups.o
LOAD ./Middlewares/Third_Party/FreeRTOS/Source/list.o
LOAD ./Middlewares/Third_Party/FreeRTOS/Source/queue.o
LOAD ./Middlewares/Third_Party/FreeRTOS/Source/stream_buffer.o
LOAD ./Middlewares/Third_Party/FreeRTOS/Source/tasks.o
LOAD ./Middlewares/Third_Party/FreeRTOS/Source/timers.o
LOAD ./Middlewares/Third_Party/FreeRTOS/Source/portable/GCC/ARM_CM4F/port.o
LOAD ./Middlewares/Third_Party/FreeRTOS/Source/portable/MemMang/heap_4.o
START GROUP
LOAD c:/st/stm32cubeide_1.8.0/stm32cubeide/plugins/com.st.stm32cube.ide.mcu.externaltools.gnu-tools-for-stm32.9-2020-q2-update.win32_2.0.0.202105311346/tools/bin/../lib/gcc/arm-none-eabi/9.3.1/../../../../arm-none-eabi/lib/thumb/v7e-m+dp/hard\libc_nano.a
LOAD c:/st/stm32cubeide_1.8.0/stm32cubeide/plugins/com.st.stm32cube.ide.mcu.externaltools.gnu-tools-for-stm32.9-2020-q2-update.win32_2.0.0.202105311346/tools/bin/../lib/gcc/arm-none-eabi/9.3.1/../../../../arm-none-eabi/lib/thumb/v7e-m+dp/hard\libm.a
END GROUP
START GROUP
LOAD c:/st/stm32cubeide_1.8.0/stm32cubeide/plugins/com.st.stm32cube.ide.mcu.externaltools.gnu-tools-for-stm32.9-2020-q2-update.win32_2.0.0.202105311346/tools/bin/../lib/gcc/arm-none-eabi/9.3.1/thumb/v7e-m+dp/hard\libgcc.a
LOAD c:/st/stm32cubeide_1.8.0/stm32cubeide/plugins/com.st.stm32cube.ide.mcu.externaltools.gnu-tools-for-stm32.9-2020-q2-update.win32_2.0.0.202105311346/tools/bin/../lib/gcc/arm-none-eabi/9.3.1/../../../../arm-none-eabi/lib/thumb/v7e-m+dp/hard\libc_nano.a
END GROUP
START GROUP
LOAD c:/st/stm32cubeide_1.8.0/stm32cubeide/plugins/com.st.stm32cube.ide.mcu.externaltools.gnu-tools-for-stm32.9-2020-q2-update.win32_2.0.0.202105311346/tools/bin/../lib/gcc/arm-none-eabi/9.3.1/thumb/v7e-m+dp/hard\libgcc.a
LOAD c:/st/stm32cubeide_1.8.0/stm32cubeide/plugins/com.st.stm32cube.ide.mcu.externaltools.gnu-tools-for-stm32.9-2020-q2-update.win32_2.0.0.202105311346/tools/bin/../lib/gcc/arm-none-eabi/9.3.1/../../../../arm-none-eabi/lib/thumb/v7e-m+dp/hard\libc_nano.a
LOAD c:/st/stm32cubeide_1.8.0/stm32cubeide/plugins/com.st.stm32cube.ide.mcu.externaltools.gnu-tools-for-stm32.9-2020-q2-update.win32_2.0.0.202105311346/tools/bin/../lib/gcc/arm-none-eabi/9.3.1/../../../../arm-none-eabi/lib/thumb/v7e-m+dp/hard\libnosys.a
END GROUP
START GROUP
LOAD c:/st/stm32cubeide_1.8.0/stm32cubeide/plugins/com.st.stm32cube.ide.mcu.externaltools.gnu-tools-for-stm32.9-2020-q2-update.win32_2.0.0.202105311346/tools/bin/../lib/gcc/arm-none-eabi/9.3.1/thumb/v7e-m+dp/hard\libgcc.a
LOAD c:/st/stm32cubeide_1.8.0/stm32cubeide/plugins/com.st.stm32cube.ide.mcu.externaltools.gnu-tools-for-stm32.9-2020-q2-update.win32_2.0.0.202105311346/tools/bin/../lib/gcc/arm-none-eabi/9.3.1/../../../../arm-none-eabi/lib/thumb/v7e-m+dp/hard\libc_nano.a
LOAD c:/st/stm32cubeide_1.8.0/stm32cubeide/plugins/com.st.stm32cube.ide.mcu.externaltools.gnu-tools-for-stm32.9-2020-q2-update.win32_2.0.0.202105311346/tools/bin/../lib/gcc/arm-none-eabi/9.3.1/../../../../arm-none-eabi/lib/thumb/v7e-m+dp/hard\libnosys.a
END GROUP
LOAD c:/st/stm32cubeide_1.8.0/stm32cubeide/plugins/com.st.stm32cube.ide.mcu.externaltools.gnu-tools-for-stm32.9-2020-q2-update.win32_2.0.0.202105311346/tools/bin/../lib/gcc/arm-none-eabi/9.3.1/thumb/v7e-m+dp/hard/crtend.o
LOAD c:/st/stm32cubeide_1.8.0/stm32cubeide/plugins/com.st.stm32cube.ide.mcu.externaltools.gnu-tools-for-stm32.9-2020-q2-update.win32_2.0.0.202105311346/tools/bin/../lib/gcc/arm-none-eabi/9.3.1/thumb/v7e-m+dp/hard/crtn.o
                0x0000000024100000                _estack = (ORIGIN (RAM) + LENGTH (RAM))
                0x0000000000000200                _Min_Heap_Size = 0x200
                0x0000000000000400                _Min_Stack_Size = 0x400

.isr_vector     0x0000000008000000      0x2ac
                0x0000000008000000                . = ALIGN (0x4)
 *(.isr_vector)
 .isr_vector    0x0000000008000000      0x2ac ./Core/Startup/startup_stm32h7a3zitxq.o
                0x0000000008000000                g_pfnVectors
                0x00000000080002ac                . = ALIGN (0x4)

.text           0x00000000080002b0     0x7508
                0x00000000080002b0                . = ALIGN (0x4)
 *(.text)
 .text          0x00000000080002b0       0x40 c:/st/stm32cubeide_1.8.0/stm32cubeide/plugins/com.st.stm32cube.ide.mcu.externaltools.gnu-tools-for-stm32.9-2020-q2-update.win32_2.0.0.202105311346/tools/bin/../lib/gcc/arm-none-eabi/9.3.1/thumb/v7e-m+dp/hard/crtbegin.o
 *(.text*)
 .text.PowerOn_7_SEG_D1
                0x00000000080002f0       0x18 ./Core/Src/_7_seg.o
                0x00000000080002f0                PowerOn_7_SEG_D1
 .text.PowerOff_7_SEG_D1
                0x0000000008000308       0x18 ./Core/Src/_7_seg.o
                0x0000000008000308                PowerOff_7_SEG_D1
 .text.PowerOn_7_SEG_D2
                0x0000000008000320       0x18 ./Core/Src/_7_seg.o
                0x0000000008000320                PowerOn_7_SEG_D2
 .text.PowerOff_7_SEG_D2
                0x0000000008000338       0x18 ./Core/Src/_7_seg.o
                0x0000000008000338                PowerOff_7_SEG_D2
 .text.PowerOn_7_SEG_D3
                0x0000000008000350       0x18 ./Core/Src/_7_seg.o
                0x0000000008000350                PowerOn_7_SEG_D3
 .text.PowerOff_7_SEG_D3
                0x0000000008000368       0x18 ./Core/Src/_7_seg.o
                0x0000000008000368                PowerOff_7_SEG_D3
 .text.PowerOn_7_SEG_D4
                0x0000000008000380       0x18 ./Core/Src/_7_seg.o
                0x0000000008000380                PowerOn_7_SEG_D4
 .text.PowerOff_7_SEG_D4
                0x0000000008000398       0x18 ./Core/Src/_7_seg.o
                0x0000000008000398                PowerOff_7_SEG_D4
 .text.PowerOn_7_SEG_D5
                0x00000000080003b0       0x18 ./Core/Src/_7_seg.o
                0x00000000080003b0                PowerOn_7_SEG_D5
 .text.PowerOff_7_SEG_D5
                0x00000000080003c8       0x18 ./Core/Src/_7_seg.o
                0x00000000080003c8                PowerOff_7_SEG_D5
 .text.PowerOn_7_SEG_D6
                0x00000000080003e0       0x18 ./Core/Src/_7_seg.o
                0x00000000080003e0                PowerOn_7_SEG_D6
 .text.PowerOff_7_SEG_D6
                0x00000000080003f8       0x18 ./Core/Src/_7_seg.o
                0x00000000080003f8                PowerOff_7_SEG_D6
 .text.PowerOn_7_SEG_D7
                0x0000000008000410       0x18 ./Core/Src/_7_seg.o
                0x0000000008000410                PowerOn_7_SEG_D7
 .text.PowerOff_7_SEG_D7
                0x0000000008000428       0x18 ./Core/Src/_7_seg.o
                0x0000000008000428                PowerOff_7_SEG_D7
 .text.PowerOn_7_SEG_D8
                0x0000000008000440       0x18 ./Core/Src/_7_seg.o
                0x0000000008000440                PowerOn_7_SEG_D8
 .text.PowerOff_7_SEG_D8
                0x0000000008000458       0x18 ./Core/Src/_7_seg.o
                0x0000000008000458                PowerOff_7_SEG_D8
 .text.PowerOn_7_SEG_A1
                0x0000000008000470       0x18 ./Core/Src/_7_seg.o
                0x0000000008000470                PowerOn_7_SEG_A1
 .text.PowerOff_7_SEG_A1
                0x0000000008000488       0x18 ./Core/Src/_7_seg.o
                0x0000000008000488                PowerOff_7_SEG_A1
 .text.PowerOn_7_SEG_A2
                0x00000000080004a0       0x18 ./Core/Src/_7_seg.o
                0x00000000080004a0                PowerOn_7_SEG_A2
 .text.PowerOff_7_SEG_A2
                0x00000000080004b8       0x18 ./Core/Src/_7_seg.o
                0x00000000080004b8                PowerOff_7_SEG_A2
 .text.PowerOn_7_SEG_A3
                0x00000000080004d0       0x18 ./Core/Src/_7_seg.o
                0x00000000080004d0                PowerOn_7_SEG_A3
 .text.PowerOff_7_SEG_A3
                0x00000000080004e8       0x18 ./Core/Src/_7_seg.o
                0x00000000080004e8                PowerOff_7_SEG_A3
 .text.PowerOn_7_SEG_A4
                0x0000000008000500       0x18 ./Core/Src/_7_seg.o
                0x0000000008000500                PowerOn_7_SEG_A4
 .text.PowerOff_7_SEG_A4
                0x0000000008000518       0x18 ./Core/Src/_7_seg.o
                0x0000000008000518                PowerOff_7_SEG_A4
 .text.PowerOn_7_SEG_A5
                0x0000000008000530       0x18 ./Core/Src/_7_seg.o
                0x0000000008000530                PowerOn_7_SEG_A5
 .text.PowerOff_7_SEG_A5
                0x0000000008000548       0x18 ./Core/Src/_7_seg.o
                0x0000000008000548                PowerOff_7_SEG_A5
 .text.PowerOn_7_SEG_A6
                0x0000000008000560       0x18 ./Core/Src/_7_seg.o
                0x0000000008000560                PowerOn_7_SEG_A6
 .text.PowerOff_7_SEG_A6
                0x0000000008000578       0x18 ./Core/Src/_7_seg.o
                0x0000000008000578                PowerOff_7_SEG_A6
 .text.PowerOn_7_SEG_A7
                0x0000000008000590       0x18 ./Core/Src/_7_seg.o
                0x0000000008000590                PowerOn_7_SEG_A7
 .text.PowerOff_7_SEG_A7
                0x00000000080005a8       0x18 ./Core/Src/_7_seg.o
                0x00000000080005a8                PowerOff_7_SEG_A7
 .text.PowerOn_7_SEG_A8
                0x00000000080005c0       0x18 ./Core/Src/_7_seg.o
                0x00000000080005c0                PowerOn_7_SEG_A8
 .text.PowerOff_7_SEG_A8
                0x00000000080005d8       0x18 ./Core/Src/_7_seg.o
                0x00000000080005d8                PowerOff_7_SEG_A8
 .text.PowerOff_All
                0x00000000080005f0       0x48 ./Core/Src/_7_seg.o
                0x00000000080005f0                PowerOff_All
 .text.Dot_left
                0x0000000008000638      0x12a ./Core/Src/_7_seg.o
                0x0000000008000638                Dot_left
 .text.Dot_right
                0x0000000008000762      0x12a ./Core/Src/_7_seg.o
                0x0000000008000762                Dot_right
 .text.Dot_bisang
                0x000000000800088c      0x108 ./Core/Src/_7_seg.o
                0x000000000800088c                Dot_bisang
 .text.PowerOn_7_SEG_L1
                0x0000000008000994       0x18 ./Core/Src/_7_seg.o
                0x0000000008000994                PowerOn_7_SEG_L1
 .text.PowerOff_7_SEG_L1
                0x00000000080009ac       0x18 ./Core/Src/_7_seg.o
                0x00000000080009ac                PowerOff_7_SEG_L1
 .text.PowerOn_7_SEG_L2
                0x00000000080009c4       0x18 ./Core/Src/_7_seg.o
                0x00000000080009c4                PowerOn_7_SEG_L2
 .text.PowerOff_7_SEG_L2
                0x00000000080009dc       0x18 ./Core/Src/_7_seg.o
                0x00000000080009dc                PowerOff_7_SEG_L2
 .text.PowerOn_7_SEG_L3
                0x00000000080009f4       0x18 ./Core/Src/_7_seg.o
                0x00000000080009f4                PowerOn_7_SEG_L3
 .text.PowerOff_7_SEG_L3
                0x0000000008000a0c       0x18 ./Core/Src/_7_seg.o
                0x0000000008000a0c                PowerOff_7_SEG_L3
 .text.PowerOn_7_SEG_L4
                0x0000000008000a24       0x18 ./Core/Src/_7_seg.o
                0x0000000008000a24                PowerOn_7_SEG_L4
 .text.PowerOff_7_SEG_L4
                0x0000000008000a3c       0x18 ./Core/Src/_7_seg.o
                0x0000000008000a3c                PowerOff_7_SEG_L4
 .text.Off_7_SEG_AllPin
                0x0000000008000a54       0x10 ./Core/Src/_7_seg.o
                0x0000000008000a54                Off_7_SEG_AllPin
 .text.On_7_SEG_OnePin
                0x0000000008000a64       0x24 ./Core/Src/_7_seg.o
                0x0000000008000a64                On_7_SEG_OnePin
 .text.Off_7_SEG_OnePin
                0x0000000008000a88       0x24 ./Core/Src/_7_seg.o
                0x0000000008000a88                Off_7_SEG_OnePin
 .text._7_SEG_Num_Test2
                0x0000000008000aac       0xac ./Core/Src/_7_seg.o
                0x0000000008000aac                _7_SEG_Num_Test2
 .text.MX_FDCAN1_Init
                0x0000000008000b58      0x10c ./Core/Src/fdcan.o
                0x0000000008000b58                MX_FDCAN1_Init
 .text.HAL_FDCAN_MspInit
                0x0000000008000c64       0xcc ./Core/Src/fdcan.o
                0x0000000008000c64                HAL_FDCAN_MspInit
 .text.MX_FREERTOS_Init
                0x0000000008000d30       0x5c ./Core/Src/freertos.o
                0x0000000008000d30                MX_FREERTOS_Init
 .text.StartDefaultTask
                0x0000000008000d8c       0x10 ./Core/Src/freertos.o
                0x0000000008000d8c                StartDefaultTask
 .text.StartTask02
                0x0000000008000d9c       0x68 ./Core/Src/freertos.o
                0x0000000008000d9c                StartTask02
 .text.StartTask03
                0x0000000008000e04       0x5a ./Core/Src/freertos.o
                0x0000000008000e04                StartTask03
 *fill*         0x0000000008000e5e        0x2 
 .text.MX_GPIO_Init
                0x0000000008000e60      0x140 ./Core/Src/gpio.o
                0x0000000008000e60                MX_GPIO_Init
 .text.main     0x0000000008000fa0       0x88 ./Core/Src/main.o
                0x0000000008000fa0                main
 .text.SystemClock_Config
                0x0000000008001028       0xdc ./Core/Src/main.o
                0x0000000008001028                SystemClock_Config
 .text.HAL_TIM_PeriodElapsedCallback
                0x0000000008001104       0x24 ./Core/Src/main.o
                0x0000000008001104                HAL_TIM_PeriodElapsedCallback
 .text.Error_Handler
                0x0000000008001128        0xa ./Core/Src/main.o
                0x0000000008001128                Error_Handler
 *fill*         0x0000000008001132        0x2 
 .text.HAL_MspInit
                0x0000000008001134       0x3c ./Core/Src/stm32h7xx_hal_msp.o
                0x0000000008001134                HAL_MspInit
 .text.HAL_InitTick
                0x0000000008001170       0xd8 ./Core/Src/stm32h7xx_hal_timebase_tim.o
                0x0000000008001170                HAL_InitTick
 .text.NMI_Handler
                0x0000000008001248        0x6 ./Core/Src/stm32h7xx_it.o
                0x0000000008001248                NMI_Handler
 .text.HardFault_Handler
                0x000000000800124e        0x6 ./Core/Src/stm32h7xx_it.o
                0x000000000800124e                HardFault_Handler
 .text.MemManage_Handler
                0x0000000008001254        0x6 ./Core/Src/stm32h7xx_it.o
                0x0000000008001254                MemManage_Handler
 .text.BusFault_Handler
                0x000000000800125a        0x6 ./Core/Src/stm32h7xx_it.o
                0x000000000800125a                BusFault_Handler
 .text.UsageFault_Handler
                0x0000000008001260        0x6 ./Core/Src/stm32h7xx_it.o
                0x0000000008001260                UsageFault_Handler
 .text.DebugMon_Handler
                0x0000000008001266        0xe ./Core/Src/stm32h7xx_it.o
                0x0000000008001266                DebugMon_Handler
 .text.TIM4_IRQHandler
                0x0000000008001274       0x14 ./Core/Src/stm32h7xx_it.o
                0x0000000008001274                TIM4_IRQHandler
 .text.SystemInit
                0x0000000008001288       0xf0 ./Core/Src/system_stm32h7xx.o
                0x0000000008001288                SystemInit
 .text.Reset_Handler
                0x0000000008001378       0x50 ./Core/Startup/startup_stm32h7a3zitxq.o
                0x0000000008001378                Reset_Handler
 .text.Default_Handler
                0x00000000080013c8        0x2 ./Core/Startup/startup_stm32h7a3zitxq.o
                0x00000000080013c8                RTC_Alarm_IRQHandler
                0x00000000080013c8                EXTI2_IRQHandler
                0x00000000080013c8                TIM8_CC_IRQHandler
                0x00000000080013c8                UART8_IRQHandler
                0x00000000080013c8                BDMA2_Channel1_IRQHandler
                0x00000000080013c8                SPI4_IRQHandler
                0x00000000080013c8                BDMA2_Channel0_IRQHandler
                0x00000000080013c8                TIM1_CC_IRQHandler
                0x00000000080013c8                DMA2_Stream5_IRQHandler
                0x00000000080013c8                JPEG_IRQHandler
                0x00000000080013c8                DMA1_Stream5_IRQHandler
                0x00000000080013c8                EXTI3_IRQHandler
                0x00000000080013c8                LPTIM4_IRQHandler
                0x00000000080013c8                TIM8_TRG_COM_TIM14_IRQHandler
                0x00000000080013c8                LPTIM2_IRQHandler
                0x00000000080013c8                DFSDM1_FLT1_IRQHandler
                0x00000000080013c8                DMAMUX2_OVR_IRQHandler
                0x00000000080013c8                GFXMMU_IRQHandler
                0x00000000080013c8                TIM8_UP_TIM13_IRQHandler
                0x00000000080013c8                I2C3_ER_IRQHandler
                0x00000000080013c8                DFSDM1_FLT2_IRQHandler
                0x00000000080013c8                USART10_IRQHandler
                0x00000000080013c8                MDMA_IRQHandler
                0x00000000080013c8                LPTIM3_IRQHandler
                0x00000000080013c8                BDMA2_Channel3_IRQHandler
                0x00000000080013c8                HSEM1_IRQHandler
                0x00000000080013c8                EXTI0_IRQHandler
                0x00000000080013c8                I2C2_EV_IRQHandler
                0x00000000080013c8                DAC2_IRQHandler
                0x00000000080013c8                DMA1_Stream2_IRQHandler
                0x00000000080013c8                FPU_IRQHandler
                0x00000000080013c8                OTG_HS_WKUP_IRQHandler
                0x00000000080013c8                FDCAN1_IT1_IRQHandler
                0x00000000080013c8                LTDC_ER_IRQHandler
                0x00000000080013c8                DMA2_Stream2_IRQHandler
                0x00000000080013c8                SPI1_IRQHandler
                0x00000000080013c8                OCTOSPI1_IRQHandler
                0x00000000080013c8                TIM6_DAC_IRQHandler
                0x00000000080013c8                BDMA2_Channel6_IRQHandler
                0x00000000080013c8                DMA2_Stream3_IRQHandler
                0x00000000080013c8                OCTOSPI2_IRQHandler
                0x00000000080013c8                SAI2_IRQHandler
                0x00000000080013c8                BDMA1_IRQHandler
                0x00000000080013c8                DFSDM1_FLT3_IRQHandler
                0x00000000080013c8                USART6_IRQHandler
                0x00000000080013c8                TIM17_IRQHandler
                0x00000000080013c8                USART3_IRQHandler
                0x00000000080013c8                LPTIM5_IRQHandler
                0x00000000080013c8                UART5_IRQHandler
                0x00000000080013c8                DMA2_Stream0_IRQHandler
                0x00000000080013c8                I2C1_EV_IRQHandler
                0x00000000080013c8                DMA1_Stream6_IRQHandler
                0x00000000080013c8                DMAMUX1_OVR_IRQHandler
                0x00000000080013c8                DMA1_Stream1_IRQHandler
                0x00000000080013c8                TIM16_IRQHandler
                0x00000000080013c8                UART4_IRQHandler
                0x00000000080013c8                TIM3_IRQHandler
                0x00000000080013c8                RCC_IRQHandler
                0x00000000080013c8                UART9_IRQHandler
                0x00000000080013c8                TIM8_BRK_TIM12_IRQHandler
                0x00000000080013c8                TIM1_TRG_COM_IRQHandler
                0x00000000080013c8                Default_Handler
                0x00000000080013c8                ECC_IRQHandler
                0x00000000080013c8                BDMA2_Channel2_IRQHandler
                0x00000000080013c8                CEC_IRQHandler
                0x00000000080013c8                EXTI15_10_IRQHandler
                0x00000000080013c8                DFSDM1_FLT4_IRQHandler
                0x00000000080013c8                ADC_IRQHandler
                0x00000000080013c8                DMA1_Stream7_IRQHandler
                0x00000000080013c8                SPI5_IRQHandler
                0x00000000080013c8                TIM7_IRQHandler
                0x00000000080013c8                SDMMC1_IRQHandler
                0x00000000080013c8                TIM5_IRQHandler
                0x00000000080013c8                DMA2_Stream7_IRQHandler
                0x00000000080013c8                TIM15_IRQHandler
                0x00000000080013c8                I2C3_EV_IRQHandler
                0x00000000080013c8                DFSDM2_IRQHandler
                0x00000000080013c8                EXTI9_5_IRQHandler
                0x00000000080013c8                RTC_WKUP_IRQHandler
                0x00000000080013c8                LTDC_IRQHandler
                0x00000000080013c8                SPDIF_RX_IRQHandler
                0x00000000080013c8                PVD_PVM_IRQHandler
                0x00000000080013c8                SPI2_IRQHandler
                0x00000000080013c8                OTG_HS_EP1_IN_IRQHandler
                0x00000000080013c8                DFSDM1_FLT5_IRQHandler
                0x00000000080013c8                DMA1_Stream0_IRQHandler
                0x00000000080013c8                CRS_IRQHandler
                0x00000000080013c8                EXTI4_IRQHandler
                0x00000000080013c8                DFSDM1_FLT6_IRQHandler
                0x00000000080013c8                RNG_IRQHandler
                0x00000000080013c8                FDCAN2_IT1_IRQHandler
                0x00000000080013c8                COMP_IRQHandler
                0x00000000080013c8                TIM1_UP_IRQHandler
                0x00000000080013c8                OTG_HS_EP1_OUT_IRQHandler
                0x00000000080013c8                WWDG_IRQHandler
                0x00000000080013c8                SPI6_IRQHandler
                0x00000000080013c8                MDIOS_IRQHandler
                0x00000000080013c8                I2C4_EV_IRQHandler
                0x00000000080013c8                FDCAN2_IT0_IRQHandler
                0x00000000080013c8                LPUART1_IRQHandler
                0x00000000080013c8                FDCAN1_IT0_IRQHandler
                0x00000000080013c8                TIM2_IRQHandler
                0x00000000080013c8                BDMA2_Channel5_IRQHandler
                0x00000000080013c8                OTG_HS_IRQHandler
                0x00000000080013c8                DMA2D_IRQHandler
                0x00000000080013c8                TIM1_BRK_IRQHandler
                0x00000000080013c8                EXTI1_IRQHandler
                0x00000000080013c8                SDMMC2_IRQHandler
                0x00000000080013c8                DTS_IRQHandler
                0x00000000080013c8                UART7_IRQHandler
                0x00000000080013c8                MDIOS_WKUP_IRQHandler
                0x00000000080013c8                USART2_IRQHandler
                0x00000000080013c8                DFSDM1_FLT0_IRQHandler
                0x00000000080013c8                I2C2_ER_IRQHandler
                0x00000000080013c8                DMA2_Stream1_IRQHandler
                0x00000000080013c8                DFSDM1_FLT7_IRQHandler
                0x00000000080013c8                FLASH_IRQHandler
                0x00000000080013c8                DMA2_Stream4_IRQHandler
                0x00000000080013c8                USART1_IRQHandler
                0x00000000080013c8                SPI3_IRQHandler
                0x00000000080013c8                WAKEUP_PIN_IRQHandler
                0x00000000080013c8                DMA1_Stream4_IRQHandler
                0x00000000080013c8                I2C1_ER_IRQHandler
                0x00000000080013c8                FMC_IRQHandler
                0x00000000080013c8                BDMA2_Channel7_IRQHandler
                0x00000000080013c8                FDCAN_CAL_IRQHandler
                0x00000000080013c8                SWPMI1_IRQHandler
                0x00000000080013c8                LPTIM1_IRQHandler
                0x00000000080013c8                DCMI_PSSI_IRQHandler
                0x00000000080013c8                I2C4_ER_IRQHandler
                0x00000000080013c8                DMA2_Stream6_IRQHandler
                0x00000000080013c8                SAI1_IRQHandler
                0x00000000080013c8                DMA1_Stream3_IRQHandler
                0x00000000080013c8                RTC_TAMP_STAMP_CSS_LSE_IRQHandler
                0x00000000080013c8                BDMA2_Channel4_IRQHandler
 *fill*         0x00000000080013ca        0x2 
 .text.HAL_Init
                0x00000000080013cc       0x78 ./Drivers/STM32H7xx_HAL_Driver/Src/stm32h7xx_hal.o
                0x00000000080013cc                HAL_Init
 .text.HAL_IncTick
                0x0000000008001444       0x28 ./Drivers/STM32H7xx_HAL_Driver/Src/stm32h7xx_hal.o
                0x0000000008001444                HAL_IncTick
 .text.HAL_GetTick
                0x000000000800146c       0x18 ./Drivers/STM32H7xx_HAL_Driver/Src/stm32h7xx_hal.o
                0x000000000800146c                HAL_GetTick
 .text.HAL_Delay
                0x0000000008001484       0x48 ./Drivers/STM32H7xx_HAL_Driver/Src/stm32h7xx_hal.o
                0x0000000008001484                HAL_Delay
 .text.__NVIC_SetPriorityGrouping
                0x00000000080014cc       0x48 ./Drivers/STM32H7xx_HAL_Driver/Src/stm32h7xx_hal_cortex.o
 .text.__NVIC_GetPriorityGrouping
                0x0000000008001514       0x1c ./Drivers/STM32H7xx_HAL_Driver/Src/stm32h7xx_hal_cortex.o
 .text.__NVIC_EnableIRQ
                0x0000000008001530       0x3c ./Drivers/STM32H7xx_HAL_Driver/Src/stm32h7xx_hal_cortex.o
 .text.__NVIC_SetPriority
                0x000000000800156c       0x54 ./Drivers/STM32H7xx_HAL_Driver/Src/stm32h7xx_hal_cortex.o
 .text.NVIC_EncodePriority
                0x00000000080015c0       0x66 ./Drivers/STM32H7xx_HAL_Driver/Src/stm32h7xx_hal_cortex.o
 .text.HAL_NVIC_SetPriorityGrouping
                0x0000000008001626       0x16 ./Drivers/STM32H7xx_HAL_Driver/Src/stm32h7xx_hal_cortex.o
                0x0000000008001626                HAL_NVIC_SetPriorityGrouping
 .text.HAL_NVIC_SetPriority
                0x000000000800163c       0x34 ./Drivers/STM32H7xx_HAL_Driver/Src/stm32h7xx_hal_cortex.o
                0x000000000800163c                HAL_NVIC_SetPriority
 .text.HAL_NVIC_EnableIRQ
                0x0000000008001670       0x1c ./Drivers/STM32H7xx_HAL_Driver/Src/stm32h7xx_hal_cortex.o
                0x0000000008001670                HAL_NVIC_EnableIRQ
 .text.HAL_FDCAN_Init
                0x000000000800168c      0x3c4 ./Drivers/STM32H7xx_HAL_Driver/Src/stm32h7xx_hal_fdcan.o
                0x000000000800168c                HAL_FDCAN_Init
 .text.HAL_FDCAN_ConfigFilter
                0x0000000008001a50       0xec ./Drivers/STM32H7xx_HAL_Driver/Src/stm32h7xx_hal_fdcan.o
                0x0000000008001a50                HAL_FDCAN_ConfigFilter
 .text.HAL_FDCAN_Start
                0x0000000008001b3c       0x56 ./Drivers/STM32H7xx_HAL_Driver/Src/stm32h7xx_hal_fdcan.o
                0x0000000008001b3c                HAL_FDCAN_Start
 *fill*         0x0000000008001b92        0x2 
 .text.HAL_FDCAN_ActivateNotification
                0x0000000008001b94       0xf4 ./Drivers/STM32H7xx_HAL_Driver/Src/stm32h7xx_hal_fdcan.o
                0x0000000008001b94                HAL_FDCAN_ActivateNotification
 .text.FDCAN_CalcultateRamBlockAddresses
                0x0000000008001c88      0x30c ./Drivers/STM32H7xx_HAL_Driver/Src/stm32h7xx_hal_fdcan.o
 .text.HAL_GPIO_Init
                0x0000000008001f94      0x360 ./Drivers/STM32H7xx_HAL_Driver/Src/stm32h7xx_hal_gpio.o
                0x0000000008001f94                HAL_GPIO_Init
 .text.HAL_GPIO_ReadPin
                0x00000000080022f4       0x30 ./Drivers/STM32H7xx_HAL_Driver/Src/stm32h7xx_hal_gpio.o
                0x00000000080022f4                HAL_GPIO_ReadPin
 .text.HAL_GPIO_WritePin
                0x0000000008002324       0x32 ./Drivers/STM32H7xx_HAL_Driver/Src/stm32h7xx_hal_gpio.o
                0x0000000008002324                HAL_GPIO_WritePin
 *fill*         0x0000000008002356        0x2 
 .text.HAL_PWREx_ConfigSupply
                0x0000000008002358       0xb4 ./Drivers/STM32H7xx_HAL_Driver/Src/stm32h7xx_hal_pwr_ex.o
                0x0000000008002358                HAL_PWREx_ConfigSupply
 .text.HAL_RCC_OscConfig
                0x000000000800240c      0x808 ./Drivers/STM32H7xx_HAL_Driver/Src/stm32h7xx_hal_rcc.o
                0x000000000800240c                HAL_RCC_OscConfig
 .text.HAL_RCC_ClockConfig
                0x0000000008002c14      0x36c ./Drivers/STM32H7xx_HAL_Driver/Src/stm32h7xx_hal_rcc.o
                0x0000000008002c14                HAL_RCC_ClockConfig
 .text.HAL_RCC_GetSysClockFreq
                0x0000000008002f80      0x2f4 ./Drivers/STM32H7xx_HAL_Driver/Src/stm32h7xx_hal_rcc.o
                0x0000000008002f80                HAL_RCC_GetSysClockFreq
 .text.HAL_RCC_GetHCLKFreq
                0x0000000008003274       0x60 ./Drivers/STM32H7xx_HAL_Driver/Src/stm32h7xx_hal_rcc.o
                0x0000000008003274                HAL_RCC_GetHCLKFreq
 .text.HAL_RCC_GetPCLK1Freq
                0x00000000080032d4       0x2c ./Drivers/STM32H7xx_HAL_Driver/Src/stm32h7xx_hal_rcc.o
                0x00000000080032d4                HAL_RCC_GetPCLK1Freq
 .text.HAL_RCC_GetClockConfig
                0x0000000008003300       0x84 ./Drivers/STM32H7xx_HAL_Driver/Src/stm32h7xx_hal_rcc.o
                0x0000000008003300                HAL_RCC_GetClockConfig
 .text.HAL_RCCEx_PeriphCLKConfig
                0x0000000008003384      0xe18 ./Drivers/STM32H7xx_HAL_Driver/Src/stm32h7xx_hal_rcc_ex.o
                0x0000000008003384                HAL_RCCEx_PeriphCLKConfig
 .text.RCCEx_PLL2_Config
                0x000000000800419c      0x164 ./Drivers/STM32H7xx_HAL_Driver/Src/stm32h7xx_hal_rcc_ex.o
 .text.RCCEx_PLL3_Config
                0x0000000008004300      0x164 ./Drivers/STM32H7xx_HAL_Driver/Src/stm32h7xx_hal_rcc_ex.o
 .text.HAL_TIM_Base_Init
                0x0000000008004464       0xae ./Drivers/STM32H7xx_HAL_Driver/Src/stm32h7xx_hal_tim.o
                0x0000000008004464                HAL_TIM_Base_Init
 .text.HAL_TIM_Base_MspInit
                0x0000000008004512       0x14 ./Drivers/STM32H7xx_HAL_Driver/Src/stm32h7xx_hal_tim.o
                0x0000000008004512                HAL_TIM_Base_MspInit
 *fill*         0x0000000008004526        0x2 
 .text.HAL_TIM_Base_Start_IT
                0x0000000008004528       0xf0 ./Drivers/STM32H7xx_HAL_Driver/Src/stm32h7xx_hal_tim.o
                0x0000000008004528                HAL_TIM_Base_Start_IT
 .text.HAL_TIM_IRQHandler
                0x0000000008004618      0x23e ./Drivers/STM32H7xx_HAL_Driver/Src/stm32h7xx_hal_tim.o
                0x0000000008004618                HAL_TIM_IRQHandler
 .text.HAL_TIM_OC_DelayElapsedCallback
                0x0000000008004856       0x14 ./Drivers/STM32H7xx_HAL_Driver/Src/stm32h7xx_hal_tim.o
                0x0000000008004856                HAL_TIM_OC_DelayElapsedCallback
 .text.HAL_TIM_IC_CaptureCallback
                0x000000000800486a       0x14 ./Drivers/STM32H7xx_HAL_Driver/Src/stm32h7xx_hal_tim.o
                0x000000000800486a                HAL_TIM_IC_CaptureCallback
 .text.HAL_TIM_PWM_PulseFinishedCallback
                0x000000000800487e       0x14 ./Drivers/STM32H7xx_HAL_Driver/Src/stm32h7xx_hal_tim.o
                0x000000000800487e                HAL_TIM_PWM_PulseFinishedCallback
 .text.HAL_TIM_TriggerCallback
                0x0000000008004892       0x14 ./Drivers/STM32H7xx_HAL_Driver/Src/stm32h7xx_hal_tim.o
                0x0000000008004892                HAL_TIM_TriggerCallback
 *fill*         0x00000000080048a6        0x2 
 .text.TIM_Base_SetConfig
                0x00000000080048a8      0x134 ./Drivers/STM32H7xx_HAL_Driver/Src/stm32h7xx_hal_tim.o
                0x00000000080048a8                TIM_Base_SetConfig
 .text.HAL_TIMEx_CommutCallback
                0x00000000080049dc       0x14 ./Drivers/STM32H7xx_HAL_Driver/Src/stm32h7xx_hal_tim_ex.o
                0x00000000080049dc                HAL_TIMEx_CommutCallback
 .text.HAL_TIMEx_BreakCallback
                0x00000000080049f0       0x14 ./Drivers/STM32H7xx_HAL_Driver/Src/stm32h7xx_hal_tim_ex.o
                0x00000000080049f0                HAL_TIMEx_BreakCallback
 .text.HAL_TIMEx_Break2Callback
                0x0000000008004a04       0x14 ./Drivers/STM32H7xx_HAL_Driver/Src/stm32h7xx_hal_tim_ex.o
                0x0000000008004a04                HAL_TIMEx_Break2Callback
 .text.__NVIC_SetPriority
                0x0000000008004a18       0x54 ./Middlewares/Third_Party/FreeRTOS/Source/CMSIS_RTOS_V2/cmsis_os2.o
 .text.SysTick_Handler
                0x0000000008004a6c       0x20 ./Middlewares/Third_Party/FreeRTOS/Source/CMSIS_RTOS_V2/cmsis_os2.o
                0x0000000008004a6c                SysTick_Handler
 .text.SVC_Setup
                0x0000000008004a8c       0x12 ./Middlewares/Third_Party/FreeRTOS/Source/CMSIS_RTOS_V2/cmsis_os2.o
 *fill*         0x0000000008004a9e        0x2 
 .text.osKernelInitialize
                0x0000000008004aa0       0x48 ./Middlewares/Third_Party/FreeRTOS/Source/CMSIS_RTOS_V2/cmsis_os2.o
                0x0000000008004aa0                osKernelInitialize
 .text.osKernelStart
                0x0000000008004ae8       0x4c ./Middlewares/Third_Party/FreeRTOS/Source/CMSIS_RTOS_V2/cmsis_os2.o
                0x0000000008004ae8                osKernelStart
 .text.osThreadNew
                0x0000000008004b34      0x124 ./Middlewares/Third_Party/FreeRTOS/Source/CMSIS_RTOS_V2/cmsis_os2.o
                0x0000000008004b34                osThreadNew
 .text.osDelay  0x0000000008004c58       0x36 ./Middlewares/Third_Party/FreeRTOS/Source/CMSIS_RTOS_V2/cmsis_os2.o
                0x0000000008004c58                osDelay
 *fill*         0x0000000008004c8e        0x2 
 .text.vApplicationGetIdleTaskMemory
                0x0000000008004c90       0x34 ./Middlewares/Third_Party/FreeRTOS/Source/CMSIS_RTOS_V2/cmsis_os2.o
                0x0000000008004c90                vApplicationGetIdleTaskMemory
 .text.vApplicationGetTimerTaskMemory
                0x0000000008004cc4       0x34 ./Middlewares/Third_Party/FreeRTOS/Source/CMSIS_RTOS_V2/cmsis_os2.o
                0x0000000008004cc4                vApplicationGetTimerTaskMemory
 .text.vListInitialise
                0x0000000008004cf8       0x40 ./Middlewares/Third_Party/FreeRTOS/Source/list.o
                0x0000000008004cf8                vListInitialise
 .text.vListInitialiseItem
                0x0000000008004d38       0x1a ./Middlewares/Third_Party/FreeRTOS/Source/list.o
                0x0000000008004d38                vListInitialiseItem
 .text.vListInsertEnd
                0x0000000008004d52       0x48 ./Middlewares/Third_Party/FreeRTOS/Source/list.o
                0x0000000008004d52                vListInsertEnd
 .text.vListInsert
                0x0000000008004d9a       0x72 ./Middlewares/Third_Party/FreeRTOS/Source/list.o
                0x0000000008004d9a                vListInsert
 .text.uxListRemove
                0x0000000008004e0c       0x54 ./Middlewares/Third_Party/FreeRTOS/Source/list.o
                0x0000000008004e0c                uxListRemove
 .text.xQueueGenericReset
                0x0000000008004e60       0xd0 ./Middlewares/Third_Party/FreeRTOS/Source/queue.o
                0x0000000008004e60                xQueueGenericReset
 .text.xQueueGenericCreateStatic
                0x0000000008004f30       0xf0 ./Middlewares/Third_Party/FreeRTOS/Source/queue.o
                0x0000000008004f30                xQueueGenericCreateStatic
 .text.prvInitialiseNewQueue
                0x0000000008005020       0x46 ./Middlewares/Third_Party/FreeRTOS/Source/queue.o
 *fill*         0x0000000008005066        0x2 
 .text.xQueueGenericSend
                0x0000000008005068      0x1fc ./Middlewares/Third_Party/FreeRTOS/Source/queue.o
                0x0000000008005068                xQueueGenericSend
 .text.xQueueGenericSendFromISR
                0x0000000008005264      0x136 ./Middlewares/Third_Party/FreeRTOS/Source/queue.o
                0x0000000008005264                xQueueGenericSendFromISR
 *fill*         0x000000000800539a        0x2 
 .text.xQueueReceive
                0x000000000800539c      0x1c0 ./Middlewares/Third_Party/FreeRTOS/Source/queue.o
                0x000000000800539c                xQueueReceive
 .text.prvCopyDataToQueue
                0x000000000800555c       0xd4 ./Middlewares/Third_Party/FreeRTOS/Source/queue.o
 .text.prvCopyDataFromQueue
                0x0000000008005630       0x4c ./Middlewares/Third_Party/FreeRTOS/Source/queue.o
 .text.prvUnlockQueue
                0x000000000800567c       0xa4 ./Middlewares/Third_Party/FreeRTOS/Source/queue.o
 .text.prvIsQueueEmpty
                0x0000000008005720       0x2c ./Middlewares/Third_Party/FreeRTOS/Source/queue.o
 .text.prvIsQueueFull
                0x000000000800574c       0x30 ./Middlewares/Third_Party/FreeRTOS/Source/queue.o
 .text.vQueueAddToRegistry
                0x000000000800577c       0x54 ./Middlewares/Third_Party/FreeRTOS/Source/queue.o
                0x000000000800577c                vQueueAddToRegistry
 .text.vQueueWaitForMessageRestricted
                0x00000000080057d0       0x68 ./Middlewares/Third_Party/FreeRTOS/Source/queue.o
                0x00000000080057d0                vQueueWaitForMessageRestricted
 .text.xTaskCreateStatic
                0x0000000008005838       0xba ./Middlewares/Third_Party/FreeRTOS/Source/tasks.o
                0x0000000008005838                xTaskCreateStatic
 .text.xTaskCreate
                0x00000000080058f2       0x8a ./Middlewares/Third_Party/FreeRTOS/Source/tasks.o
                0x00000000080058f2                xTaskCreate
 .text.prvInitialiseNewTask
                0x000000000800597c      0x14c ./Middlewares/Third_Party/FreeRTOS/Source/tasks.o
 .text.prvAddNewTaskToReadyList
                0x0000000008005ac8       0xe0 ./Middlewares/Third_Party/FreeRTOS/Source/tasks.o
 .text.vTaskDelay
                0x0000000008005ba8       0x68 ./Middlewares/Third_Party/FreeRTOS/Source/tasks.o
                0x0000000008005ba8                vTaskDelay
 .text.vTaskStartScheduler
                0x0000000008005c10       0xe0 ./Middlewares/Third_Party/FreeRTOS/Source/tasks.o
                0x0000000008005c10                vTaskStartScheduler
 .text.vTaskSuspendAll
                0x0000000008005cf0       0x1c ./Middlewares/Third_Party/FreeRTOS/Source/tasks.o
                0x0000000008005cf0                vTaskSuspendAll
 .text.xTaskResumeAll
                0x0000000008005d0c      0x13c ./Middlewares/Third_Party/FreeRTOS/Source/tasks.o
                0x0000000008005d0c                xTaskResumeAll
 .text.xTaskGetTickCount
                0x0000000008005e48       0x20 ./Middlewares/Third_Party/FreeRTOS/Source/tasks.o
                0x0000000008005e48                xTaskGetTickCount
 .text.xTaskIncrementTick
                0x0000000008005e68      0x174 ./Middlewares/Third_Party/FreeRTOS/Source/tasks.o
                0x0000000008005e68                xTaskIncrementTick
 .text.vTaskSwitchContext
                0x0000000008005fdc       0xc8 ./Middlewares/Third_Party/FreeRTOS/Source/tasks.o
                0x0000000008005fdc                vTaskSwitchContext
 .text.vTaskPlaceOnEventList
                0x00000000080060a4       0x48 ./Middlewares/Third_Party/FreeRTOS/Source/tasks.o
                0x00000000080060a4                vTaskPlaceOnEventList
 .text.vTaskPlaceOnEventListRestricted
                0x00000000080060ec       0x58 ./Middlewares/Third_Party/FreeRTOS/Source/tasks.o
                0x00000000080060ec                vTaskPlaceOnEventListRestricted
 .text.xTaskRemoveFromEventList
                0x0000000008006144       0xc8 ./Middlewares/Third_Party/FreeRTOS/Source/tasks.o
                0x0000000008006144                xTaskRemoveFromEventList
 .text.vTaskInternalSetTimeOutState
                0x000000000800620c       0x2c ./Middlewares/Third_Party/FreeRTOS/Source/tasks.o
                0x000000000800620c                vTaskInternalSetTimeOutState
 .text.xTaskCheckForTimeOut
                0x0000000008006238       0xc4 ./Middlewares/Third_Party/FreeRTOS/Source/tasks.o
                0x0000000008006238                xTaskCheckForTimeOut
 .text.vTaskMissedYield
                0x00000000080062fc       0x18 ./Middlewares/Third_Party/FreeRTOS/Source/tasks.o
                0x00000000080062fc                vTaskMissedYield
 .text.prvIdleTask
                0x0000000008006314       0x30 ./Middlewares/Third_Party/FreeRTOS/Source/tasks.o
 .text.prvInitialiseTaskLists
                0x0000000008006344       0x80 ./Middlewares/Third_Party/FreeRTOS/Source/tasks.o
 .text.prvCheckTasksWaitingTermination
                0x00000000080063c4       0x5c ./Middlewares/Third_Party/FreeRTOS/Source/tasks.o
 .text.prvDeleteTCB
                0x0000000008006420       0x68 ./Middlewares/Third_Party/FreeRTOS/Source/tasks.o
 .text.prvResetNextTaskUnblockTime
                0x0000000008006488       0x40 ./Middlewares/Third_Party/FreeRTOS/Source/tasks.o
 .text.xTaskGetSchedulerState
                0x00000000080064c8       0x3c ./Middlewares/Third_Party/FreeRTOS/Source/tasks.o
                0x00000000080064c8                xTaskGetSchedulerState
 .text.xTaskPriorityDisinherit
                0x0000000008006504       0xdc ./Middlewares/Third_Party/FreeRTOS/Source/tasks.o
                0x0000000008006504                xTaskPriorityDisinherit
 .text.prvAddCurrentTaskToDelayedList
                0x00000000080065e0       0xa8 ./Middlewares/Third_Party/FreeRTOS/Source/tasks.o
 .text.xTimerCreateTimerTask
                0x0000000008006688       0x90 ./Middlewares/Third_Party/FreeRTOS/Source/timers.o
                0x0000000008006688                xTimerCreateTimerTask
 .text.xTimerGenericCommand
                0x0000000008006718       0x9c ./Middlewares/Third_Party/FreeRTOS/Source/timers.o
                0x0000000008006718                xTimerGenericCommand
 .text.prvProcessExpiredTimer
                0x00000000080067b4       0x98 ./Middlewares/Third_Party/FreeRTOS/Source/timers.o
 .text.prvTimerTask
                0x000000000800684c       0x24 ./Middlewares/Third_Party/FreeRTOS/Source/timers.o
 .text.prvProcessTimerOrBlockTask
                0x0000000008006870       0x9c ./Middlewares/Third_Party/FreeRTOS/Source/timers.o
 .text.prvGetNextExpireTime
                0x000000000800690c       0x48 ./Middlewares/Third_Party/FreeRTOS/Source/timers.o
 .text.prvSampleTimeNow
                0x0000000008006954       0x40 ./Middlewares/Third_Party/FreeRTOS/Source/timers.o
 .text.prvInsertTimerInActiveList
                0x0000000008006994       0x84 ./Middlewares/Third_Party/FreeRTOS/Source/timers.o
 .text.prvProcessReceivedCommands
                0x0000000008006a18      0x1c4 ./Middlewares/Third_Party/FreeRTOS/Source/timers.o
 .text.prvSwitchTimerLists
                0x0000000008006bdc       0xc8 ./Middlewares/Third_Party/FreeRTOS/Source/timers.o
 .text.prvCheckForValidListAndQueue
                0x0000000008006ca4       0x80 ./Middlewares/Third_Party/FreeRTOS/Source/timers.o
 .text.pxPortInitialiseStack
                0x0000000008006d24       0x68 ./Middlewares/Third_Party/FreeRTOS/Source/portable/GCC/ARM_CM4F/port.o
                0x0000000008006d24                pxPortInitialiseStack
 .text.prvTaskExitError
                0x0000000008006d8c       0x58 ./Middlewares/Third_Party/FreeRTOS/Source/portable/GCC/ARM_CM4F/port.o
 *fill*         0x0000000008006de4        0xc 
 .text.SVC_Handler
                0x0000000008006df0       0x28 ./Middlewares/Third_Party/FreeRTOS/Source/portable/GCC/ARM_CM4F/port.o
                0x0000000008006df0                SVC_Handler
 .text.prvPortStartFirstTask
                0x0000000008006e18       0x28 ./Middlewares/Third_Party/FreeRTOS/Source/portable/GCC/ARM_CM4F/port.o
 .text.xPortStartScheduler
                0x0000000008006e40      0x144 ./Middlewares/Third_Party/FreeRTOS/Source/portable/GCC/ARM_CM4F/port.o
                0x0000000008006e40                xPortStartScheduler
 .text.vPortEnterCritical
                0x0000000008006f84       0x60 ./Middlewares/Third_Party/FreeRTOS/Source/portable/GCC/ARM_CM4F/port.o
                0x0000000008006f84                vPortEnterCritical
 .text.vPortExitCritical
                0x0000000008006fe4       0x54 ./Middlewares/Third_Party/FreeRTOS/Source/portable/GCC/ARM_CM4F/port.o
                0x0000000008006fe4                vPortExitCritical
 *fill*         0x0000000008007038        0x8 
 .text.PendSV_Handler
                0x0000000008007040       0x68 ./Middlewares/Third_Party/FreeRTOS/Source/portable/GCC/ARM_CM4F/port.o
                0x0000000008007040                PendSV_Handler
 .text.xPortSysTickHandler
                0x00000000080070a8       0x44 ./Middlewares/Third_Party/FreeRTOS/Source/portable/GCC/ARM_CM4F/port.o
                0x00000000080070a8                xPortSysTickHandler
 .text.vPortSetupTimerInterrupt
                0x00000000080070ec       0x48 ./Middlewares/Third_Party/FreeRTOS/Source/portable/GCC/ARM_CM4F/port.o
                0x00000000080070ec                vPortSetupTimerInterrupt
 .text.vPortEnableVFP
                0x0000000008007134       0x14 ./Middlewares/Third_Party/FreeRTOS/Source/portable/GCC/ARM_CM4F/port.o
 .text.vPortValidateInterruptPriority
                0x0000000008007148       0x80 ./Middlewares/Third_Party/FreeRTOS/Source/portable/GCC/ARM_CM4F/port.o
                0x0000000008007148                vPortValidateInterruptPriority
 .text.pvPortMalloc
                0x00000000080071c8      0x198 ./Middlewares/Third_Party/FreeRTOS/Source/portable/MemMang/heap_4.o
                0x00000000080071c8                pvPortMalloc
 .text.vPortFree
                0x0000000008007360       0xc4 ./Middlewares/Third_Party/FreeRTOS/Source/portable/MemMang/heap_4.o
                0x0000000008007360                vPortFree
 .text.prvHeapInit
                0x0000000008007424       0xc4 ./Middlewares/Third_Party/FreeRTOS/Source/portable/MemMang/heap_4.o
 .text.prvInsertBlockIntoFreeList
                0x00000000080074e8       0xb4 ./Middlewares/Third_Party/FreeRTOS/Source/portable/MemMang/heap_4.o
 .text.__libc_init_array
                0x000000000800759c       0x48 c:/st/stm32cubeide_1.8.0/stm32cubeide/plugins/com.st.stm32cube.ide.mcu.externaltools.gnu-tools-for-stm32.9-2020-q2-update.win32_2.0.0.202105311346/tools/bin/../lib/gcc/arm-none-eabi/9.3.1/../../../../arm-none-eabi/lib/thumb/v7e-m+dp/hard\libc_nano.a(lib_a-init.o)
                0x000000000800759c                __libc_init_array
 .text.__retarget_lock_acquire_recursive
                0x00000000080075e4        0x2 c:/st/stm32cubeide_1.8.0/stm32cubeide/plugins/com.st.stm32cube.ide.mcu.externaltools.gnu-tools-for-stm32.9-2020-q2-update.win32_2.0.0.202105311346/tools/bin/../lib/gcc/arm-none-eabi/9.3.1/../../../../arm-none-eabi/lib/thumb/v7e-m+dp/hard\libc_nano.a(lib_a-lock.o)
                0x00000000080075e4                __retarget_lock_acquire_recursive
 .text.__retarget_lock_release_recursive
                0x00000000080075e6        0x2 c:/st/stm32cubeide_1.8.0/stm32cubeide/plugins/com.st.stm32cube.ide.mcu.externaltools.gnu-tools-for-stm32.9-2020-q2-update.win32_2.0.0.202105311346/tools/bin/../lib/gcc/arm-none-eabi/9.3.1/../../../../arm-none-eabi/lib/thumb/v7e-m+dp/hard\libc_nano.a(lib_a-lock.o)
                0x00000000080075e6                __retarget_lock_release_recursive
 .text.memcpy   0x00000000080075e8       0x1c c:/st/stm32cubeide_1.8.0/stm32cubeide/plugins/com.st.stm32cube.ide.mcu.externaltools.gnu-tools-for-stm32.9-2020-q2-update.win32_2.0.0.202105311346/tools/bin/../lib/gcc/arm-none-eabi/9.3.1/../../../../arm-none-eabi/lib/thumb/v7e-m+dp/hard\libc_nano.a(lib_a-memcpy-stub.o)
                0x00000000080075e8                memcpy
 .text.memset   0x0000000008007604       0x10 c:/st/stm32cubeide_1.8.0/stm32cubeide/plugins/com.st.stm32cube.ide.mcu.externaltools.gnu-tools-for-stm32.9-2020-q2-update.win32_2.0.0.202105311346/tools/bin/../lib/gcc/arm-none-eabi/9.3.1/../../../../arm-none-eabi/lib/thumb/v7e-m+dp/hard\libc_nano.a(lib_a-memset.o)
                0x0000000008007604                memset
 .text.cleanup_glue
                0x0000000008007614       0x1a c:/st/stm32cubeide_1.8.0/stm32cubeide/plugins/com.st.stm32cube.ide.mcu.externaltools.gnu-tools-for-stm32.9-2020-q2-update.win32_2.0.0.202105311346/tools/bin/../lib/gcc/arm-none-eabi/9.3.1/../../../../arm-none-eabi/lib/thumb/v7e-m+dp/hard\libc_nano.a(lib_a-reent.o)
                0x0000000008007614                cleanup_glue
 *fill*         0x000000000800762e        0x2 
 .text._reclaim_reent
                0x0000000008007630       0xb8 c:/st/stm32cubeide_1.8.0/stm32cubeide/plugins/com.st.stm32cube.ide.mcu.externaltools.gnu-tools-for-stm32.9-2020-q2-update.win32_2.0.0.202105311346/tools/bin/../lib/gcc/arm-none-eabi/9.3.1/../../../../arm-none-eabi/lib/thumb/v7e-m+dp/hard\libc_nano.a(lib_a-reent.o)
                0x0000000008007630                _reclaim_reent
 .text.__malloc_lock
                0x00000000080076e8        0xc c:/st/stm32cubeide_1.8.0/stm32cubeide/plugins/com.st.stm32cube.ide.mcu.externaltools.gnu-tools-for-stm32.9-2020-q2-update.win32_2.0.0.202105311346/tools/bin/../lib/gcc/arm-none-eabi/9.3.1/../../../../arm-none-eabi/lib/thumb/v7e-m+dp/hard\libc_nano.a(lib_a-mlock.o)
                0x00000000080076e8                __malloc_lock
 .text.__malloc_unlock
                0x00000000080076f4        0xc c:/st/stm32cubeide_1.8.0/stm32cubeide/plugins/com.st.stm32cube.ide.mcu.externaltools.gnu-tools-for-stm32.9-2020-q2-update.win32_2.0.0.202105311346/tools/bin/../lib/gcc/arm-none-eabi/9.3.1/../../../../arm-none-eabi/lib/thumb/v7e-m+dp/hard\libc_nano.a(lib_a-mlock.o)
                0x00000000080076f4                __malloc_unlock
 .text._free_r  0x0000000008007700       0xa0 c:/st/stm32cubeide_1.8.0/stm32cubeide/plugins/com.st.stm32cube.ide.mcu.externaltools.gnu-tools-for-stm32.9-2020-q2-update.win32_2.0.0.202105311346/tools/bin/../lib/gcc/arm-none-eabi/9.3.1/../../../../arm-none-eabi/lib/thumb/v7e-m+dp/hard\libc_nano.a(lib_a-nano-freer.o)
                0x0000000008007700                _free_r
 *(.glue_7)
 .glue_7        0x00000000080077a0        0x0 linker stubs
 *(.glue_7t)
 .glue_7t       0x00000000080077a0        0x0 linker stubs
 *(.eh_frame)
 .eh_frame      0x00000000080077a0        0x0 c:/st/stm32cubeide_1.8.0/stm32cubeide/plugins/com.st.stm32cube.ide.mcu.externaltools.gnu-tools-for-stm32.9-2020-q2-update.win32_2.0.0.202105311346/tools/bin/../lib/gcc/arm-none-eabi/9.3.1/thumb/v7e-m+dp/hard/crtbegin.o
 *(.init)
 .init          0x00000000080077a0        0x4 c:/st/stm32cubeide_1.8.0/stm32cubeide/plugins/com.st.stm32cube.ide.mcu.externaltools.gnu-tools-for-stm32.9-2020-q2-update.win32_2.0.0.202105311346/tools/bin/../lib/gcc/arm-none-eabi/9.3.1/thumb/v7e-m+dp/hard/crti.o
                0x00000000080077a0                _init
 .init          0x00000000080077a4        0x8 c:/st/stm32cubeide_1.8.0/stm32cubeide/plugins/com.st.stm32cube.ide.mcu.externaltools.gnu-tools-for-stm32.9-2020-q2-update.win32_2.0.0.202105311346/tools/bin/../lib/gcc/arm-none-eabi/9.3.1/thumb/v7e-m+dp/hard/crtn.o
 *(.fini)
 .fini          0x00000000080077ac        0x4 c:/st/stm32cubeide_1.8.0/stm32cubeide/plugins/com.st.stm32cube.ide.mcu.externaltools.gnu-tools-for-stm32.9-2020-q2-update.win32_2.0.0.202105311346/tools/bin/../lib/gcc/arm-none-eabi/9.3.1/thumb/v7e-m+dp/hard/crti.o
                0x00000000080077ac                _fini
 .fini          0x00000000080077b0        0x8 c:/st/stm32cubeide_1.8.0/stm32cubeide/plugins/com.st.stm32cube.ide.mcu.externaltools.gnu-tools-for-stm32.9-2020-q2-update.win32_2.0.0.202105311346/tools/bin/../lib/gcc/arm-none-eabi/9.3.1/thumb/v7e-m+dp/hard/crtn.o
                0x00000000080077b8                . = ALIGN (0x4)
                0x00000000080077b8                _etext = .

.vfp11_veneer   0x00000000080077b8        0x0
 .vfp11_veneer  0x00000000080077b8        0x0 linker stubs

.v4_bx          0x00000000080077b8        0x0
 .v4_bx         0x00000000080077b8        0x0 linker stubs

.iplt           0x00000000080077b8        0x0
 .iplt          0x00000000080077b8        0x0 c:/st/stm32cubeide_1.8.0/stm32cubeide/plugins/com.st.stm32cube.ide.mcu.externaltools.gnu-tools-for-stm32.9-2020-q2-update.win32_2.0.0.202105311346/tools/bin/../lib/gcc/arm-none-eabi/9.3.1/thumb/v7e-m+dp/hard/crtbegin.o

.rodata         0x00000000080077b8      0x164
                0x00000000080077b8                . = ALIGN (0x4)
 *(.rodata)
 .rodata        0x00000000080077b8       0x21 ./Core/Src/freertos.o
 *fill*         0x00000000080077d9        0x3 
 .rodata        0x00000000080077dc       0x4c ./Drivers/STM32H7xx_HAL_Driver/Src/stm32h7xx_hal_fdcan.o
 .rodata        0x0000000008007828        0x5 ./Middlewares/Third_Party/FreeRTOS/Source/tasks.o
 *fill*         0x000000000800782d        0x3 
 .rodata        0x0000000008007830        0xd ./Middlewares/Third_Party/FreeRTOS/Source/timers.o
 *(.rodata*)
 *fill*         0x000000000800783d        0x3 
 .rodata.defaultTask_attributes
                0x0000000008007840       0x24 ./Core/Src/freertos.o
                0x0000000008007840                defaultTask_attributes
 .rodata.myTask02_attributes
                0x0000000008007864       0x24 ./Core/Src/freertos.o
                0x0000000008007864                myTask02_attributes
 .rodata.myTask03_attributes
                0x0000000008007888       0x24 ./Core/Src/freertos.o
                0x0000000008007888                myTask03_attributes
 .rodata.D1CorePrescTable
                0x00000000080078ac       0x10 ./Core/Src/system_stm32h7xx.o
                0x00000000080078ac                D1CorePrescTable
 .rodata.__sf_fake_stderr
                0x00000000080078bc       0x20 c:/st/stm32cubeide_1.8.0/stm32cubeide/plugins/com.st.stm32cube.ide.mcu.externaltools.gnu-tools-for-stm32.9-2020-q2-update.win32_2.0.0.202105311346/tools/bin/../lib/gcc/arm-none-eabi/9.3.1/../../../../arm-none-eabi/lib/thumb/v7e-m+dp/hard\libc_nano.a(lib_a-findfp.o)
                0x00000000080078bc                __sf_fake_stderr
 .rodata.__sf_fake_stdin
                0x00000000080078dc       0x20 c:/st/stm32cubeide_1.8.0/stm32cubeide/plugins/com.st.stm32cube.ide.mcu.externaltools.gnu-tools-for-stm32.9-2020-q2-update.win32_2.0.0.202105311346/tools/bin/../lib/gcc/arm-none-eabi/9.3.1/../../../../arm-none-eabi/lib/thumb/v7e-m+dp/hard\libc_nano.a(lib_a-findfp.o)
                0x00000000080078dc                __sf_fake_stdin
 .rodata.__sf_fake_stdout
                0x00000000080078fc       0x20 c:/st/stm32cubeide_1.8.0/stm32cubeide/plugins/com.st.stm32cube.ide.mcu.externaltools.gnu-tools-for-stm32.9-2020-q2-update.win32_2.0.0.202105311346/tools/bin/../lib/gcc/arm-none-eabi/9.3.1/../../../../arm-none-eabi/lib/thumb/v7e-m+dp/hard\libc_nano.a(lib_a-findfp.o)
                0x00000000080078fc                __sf_fake_stdout
                0x000000000800791c                . = ALIGN (0x4)

.rel.dyn        0x000000000800791c        0x0
 .rel.iplt      0x000000000800791c        0x0 c:/st/stm32cubeide_1.8.0/stm32cubeide/plugins/com.st.stm32cube.ide.mcu.externaltools.gnu-tools-for-stm32.9-2020-q2-update.win32_2.0.0.202105311346/tools/bin/../lib/gcc/arm-none-eabi/9.3.1/thumb/v7e-m+dp/hard/crtbegin.o

.ARM.extab
 *(.ARM.extab* .gnu.linkonce.armextab.*)

.ARM            0x000000000800791c        0x0
                0x000000000800791c                __exidx_start = .
 *(.ARM.exidx*)
                0x000000000800791c                __exidx_end = .

.preinit_array  0x000000000800791c        0x0
                0x000000000800791c                PROVIDE (__preinit_array_start = .)
 *(.preinit_array*)
                0x000000000800791c                PROVIDE (__preinit_array_end = .)

.init_array     0x000000000800791c        0x4
                0x000000000800791c                PROVIDE (__init_array_start = .)
 *(SORT_BY_NAME(.init_array.*))
 *(.init_array*)
 .init_array    0x000000000800791c        0x4 c:/st/stm32cubeide_1.8.0/stm32cubeide/plugins/com.st.stm32cube.ide.mcu.externaltools.gnu-tools-for-stm32.9-2020-q2-update.win32_2.0.0.202105311346/tools/bin/../lib/gcc/arm-none-eabi/9.3.1/thumb/v7e-m+dp/hard/crtbegin.o
                0x0000000008007920                PROVIDE (__init_array_end = .)

.fini_array     0x0000000008007920        0x4
                [!provide]                        PROVIDE (__fini_array_start = .)
 *(SORT_BY_NAME(.fini_array.*))
 *(.fini_array*)
 .fini_array    0x0000000008007920        0x4 c:/st/stm32cubeide_1.8.0/stm32cubeide/plugins/com.st.stm32cube.ide.mcu.externaltools.gnu-tools-for-stm32.9-2020-q2-update.win32_2.0.0.202105311346/tools/bin/../lib/gcc/arm-none-eabi/9.3.1/thumb/v7e-m+dp/hard/crtbegin.o
                [!provide]                        PROVIDE (__fini_array_end = .)
                0x0000000008007924                _sidata = LOADADDR (.data)

.data           0x0000000024000000       0x78 load address 0x0000000008007924
                0x0000000024000000                . = ALIGN (0x4)
                0x0000000024000000                _sdata = .
 *(.data)
 *(.data*)
 .data.SystemCoreClock
                0x0000000024000000        0x4 ./Core/Src/system_stm32h7xx.o
                0x0000000024000000                SystemCoreClock
 .data.SystemD2Clock
                0x0000000024000004        0x4 ./Core/Src/system_stm32h7xx.o
                0x0000000024000004                SystemD2Clock
 .data.uwTickPrio
                0x0000000024000008        0x4 ./Drivers/STM32H7xx_HAL_Driver/Src/stm32h7xx_hal.o
                0x0000000024000008                uwTickPrio
 .data.uwTickFreq
                0x000000002400000c        0x1 ./Drivers/STM32H7xx_HAL_Driver/Src/stm32h7xx_hal.o
                0x000000002400000c                uwTickFreq
 *fill*         0x000000002400000d        0x3 
 .data.uxCriticalNesting
                0x0000000024000010        0x4 ./Middlewares/Third_Party/FreeRTOS/Source/portable/GCC/ARM_CM4F/port.o
 .data._impure_ptr
                0x0000000024000014        0x4 c:/st/stm32cubeide_1.8.0/stm32cubeide/plugins/com.st.stm32cube.ide.mcu.externaltools.gnu-tools-for-stm32.9-2020-q2-update.win32_2.0.0.202105311346/tools/bin/../lib/gcc/arm-none-eabi/9.3.1/../../../../arm-none-eabi/lib/thumb/v7e-m+dp/hard\libc_nano.a(lib_a-impure.o)
                0x0000000024000014                _impure_ptr
 .data.impure_data
                0x0000000024000018       0x60 c:/st/stm32cubeide_1.8.0/stm32cubeide/plugins/com.st.stm32cube.ide.mcu.externaltools.gnu-tools-for-stm32.9-2020-q2-update.win32_2.0.0.202105311346/tools/bin/../lib/gcc/arm-none-eabi/9.3.1/../../../../arm-none-eabi/lib/thumb/v7e-m+dp/hard\libc_nano.a(lib_a-impure.o)
 *(.RamFunc)
 *(.RamFunc*)
                0x0000000024000078                . = ALIGN (0x4)
                0x0000000024000078                _edata = .

.igot.plt       0x0000000024000078        0x0 load address 0x000000000800799c
 .igot.plt      0x0000000024000078        0x0 c:/st/stm32cubeide_1.8.0/stm32cubeide/plugins/com.st.stm32cube.ide.mcu.externaltools.gnu-tools-for-stm32.9-2020-q2-update.win32_2.0.0.202105311346/tools/bin/../lib/gcc/arm-none-eabi/9.3.1/thumb/v7e-m+dp/hard/crtbegin.o
                0x0000000024000078                . = ALIGN (0x4)

.bss            0x0000000024000078    0x267b4 load address 0x000000000800799c
                0x0000000024000078                _sbss = .
                0x0000000024000078                __bss_start__ = _sbss
 *(.bss)
 .bss           0x0000000024000078       0x1c c:/st/stm32cubeide_1.8.0/stm32cubeide/plugins/com.st.stm32cube.ide.mcu.externaltools.gnu-tools-for-stm32.9-2020-q2-update.win32_2.0.0.202105311346/tools/bin/../lib/gcc/arm-none-eabi/9.3.1/thumb/v7e-m+dp/hard/crtbegin.o
 *(.bss*)
 .bss.KernelState
                0x0000000024000094        0x4 ./Middlewares/Third_Party/FreeRTOS/Source/CMSIS_RTOS_V2/cmsis_os2.o
 .bss.Idle_TCB.12775
                0x0000000024000098       0xbc ./Middlewares/Third_Party/FreeRTOS/Source/CMSIS_RTOS_V2/cmsis_os2.o
 .bss.Idle_Stack.12776
                0x0000000024000154      0x200 ./Middlewares/Third_Party/FreeRTOS/Source/CMSIS_RTOS_V2/cmsis_os2.o
 .bss.Timer_TCB.12782
                0x0000000024000354       0xbc ./Middlewares/Third_Party/FreeRTOS/Source/CMSIS_RTOS_V2/cmsis_os2.o
 .bss.Timer_Stack.12783
                0x0000000024000410      0x400 ./Middlewares/Third_Party/FreeRTOS/Source/CMSIS_RTOS_V2/cmsis_os2.o
 .bss.pxCurrentTCB
                0x0000000024000810        0x4 ./Middlewares/Third_Party/FreeRTOS/Source/tasks.o
                0x0000000024000810                pxCurrentTCB
 .bss.pxReadyTasksLists
                0x0000000024000814      0x460 ./Middlewares/Third_Party/FreeRTOS/Source/tasks.o
 .bss.xDelayedTaskList1
                0x0000000024000c74       0x14 ./Middlewares/Third_Party/FreeRTOS/Source/tasks.o
 .bss.xDelayedTaskList2
                0x0000000024000c88       0x14 ./Middlewares/Third_Party/FreeRTOS/Source/tasks.o
 .bss.pxDelayedTaskList
                0x0000000024000c9c        0x4 ./Middlewares/Third_Party/FreeRTOS/Source/tasks.o
 .bss.pxOverflowDelayedTaskList
                0x0000000024000ca0        0x4 ./Middlewares/Third_Party/FreeRTOS/Source/tasks.o
 .bss.xPendingReadyList
                0x0000000024000ca4       0x14 ./Middlewares/Third_Party/FreeRTOS/Source/tasks.o
 .bss.xTasksWaitingTermination
                0x0000000024000cb8       0x14 ./Middlewares/Third_Party/FreeRTOS/Source/tasks.o
 .bss.uxDeletedTasksWaitingCleanUp
                0x0000000024000ccc        0x4 ./Middlewares/Third_Party/FreeRTOS/Source/tasks.o
 .bss.xSuspendedTaskList
                0x0000000024000cd0       0x14 ./Middlewares/Third_Party/FreeRTOS/Source/tasks.o
 .bss.uxCurrentNumberOfTasks
                0x0000000024000ce4        0x4 ./Middlewares/Third_Party/FreeRTOS/Source/tasks.o
 .bss.xTickCount
                0x0000000024000ce8        0x4 ./Middlewares/Third_Party/FreeRTOS/Source/tasks.o
 .bss.uxTopReadyPriority
                0x0000000024000cec        0x4 ./Middlewares/Third_Party/FreeRTOS/Source/tasks.o
 .bss.xSchedulerRunning
                0x0000000024000cf0        0x4 ./Middlewares/Third_Party/FreeRTOS/Source/tasks.o
 .bss.xPendedTicks
                0x0000000024000cf4        0x4 ./Middlewares/Third_Party/FreeRTOS/Source/tasks.o
 .bss.xYieldPending
                0x0000000024000cf8        0x4 ./Middlewares/Third_Party/FreeRTOS/Source/tasks.o
 .bss.xNumOfOverflows
                0x0000000024000cfc        0x4 ./Middlewares/Third_Party/FreeRTOS/Source/tasks.o
 .bss.uxTaskNumber
                0x0000000024000d00        0x4 ./Middlewares/Third_Party/FreeRTOS/Source/tasks.o
 .bss.xNextTaskUnblockTime
                0x0000000024000d04        0x4 ./Middlewares/Third_Party/FreeRTOS/Source/tasks.o
 .bss.xIdleTaskHandle
                0x0000000024000d08        0x4 ./Middlewares/Third_Party/FreeRTOS/Source/tasks.o
 .bss.uxSchedulerSuspended
                0x0000000024000d0c        0x4 ./Middlewares/Third_Party/FreeRTOS/Source/tasks.o
 .bss.xActiveTimerList1
                0x0000000024000d10       0x14 ./Middlewares/Third_Party/FreeRTOS/Source/timers.o
 .bss.xActiveTimerList2
                0x0000000024000d24       0x14 ./Middlewares/Third_Party/FreeRTOS/Source/timers.o
 .bss.pxCurrentTimerList
                0x0000000024000d38        0x4 ./Middlewares/Third_Party/FreeRTOS/Source/timers.o
 .bss.pxOverflowTimerList
                0x0000000024000d3c        0x4 ./Middlewares/Third_Party/FreeRTOS/Source/timers.o
 .bss.xTimerQueue
                0x0000000024000d40        0x4 ./Middlewares/Third_Party/FreeRTOS/Source/timers.o
 .bss.xTimerTaskHandle
                0x0000000024000d44        0x4 ./Middlewares/Third_Party/FreeRTOS/Source/timers.o
 .bss.xLastTime.7010
                0x0000000024000d48        0x4 ./Middlewares/Third_Party/FreeRTOS/Source/timers.o
 .bss.ucStaticTimerQueueStorage.7061
                0x0000000024000d4c       0xa0 ./Middlewares/Third_Party/FreeRTOS/Source/timers.o
 .bss.xStaticTimerQueue.7060
                0x0000000024000dec       0x50 ./Middlewares/Third_Party/FreeRTOS/Source/timers.o
 .bss.ucMaxSysCallPriority
                0x0000000024000e3c        0x1 ./Middlewares/Third_Party/FreeRTOS/Source/portable/GCC/ARM_CM4F/port.o
 *fill*         0x0000000024000e3d        0x3 
 .bss.ulMaxPRIGROUPValue
                0x0000000024000e40        0x4 ./Middlewares/Third_Party/FreeRTOS/Source/portable/GCC/ARM_CM4F/port.o
 .bss.ucHeap    0x0000000024000e44    0x25800 ./Middlewares/Third_Party/FreeRTOS/Source/portable/MemMang/heap_4.o
 .bss.xStart    0x0000000024026644        0x8 ./Middlewares/Third_Party/FreeRTOS/Source/portable/MemMang/heap_4.o
 .bss.pxEnd     0x000000002402664c        0x4 ./Middlewares/Third_Party/FreeRTOS/Source/portable/MemMang/heap_4.o
 .bss.xFreeBytesRemaining
                0x0000000024026650        0x4 ./Middlewares/Third_Party/FreeRTOS/Source/portable/MemMang/heap_4.o
 .bss.xMinimumEverFreeBytesRemaining
                0x0000000024026654        0x4 ./Middlewares/Third_Party/FreeRTOS/Source/portable/MemMang/heap_4.o
 .bss.xNumberOfSuccessfulAllocations
                0x0000000024026658        0x4 ./Middlewares/Third_Party/FreeRTOS/Source/portable/MemMang/heap_4.o
 .bss.xNumberOfSuccessfulFrees
                0x000000002402665c        0x4 ./Middlewares/Third_Party/FreeRTOS/Source/portable/MemMang/heap_4.o
 .bss.xBlockAllocatedBit
                0x0000000024026660        0x4 ./Middlewares/Third_Party/FreeRTOS/Source/portable/MemMang/heap_4.o
 .bss.__malloc_free_list
                0x0000000024026664        0x4 c:/st/stm32cubeide_1.8.0/stm32cubeide/plugins/com.st.stm32cube.ide.mcu.externaltools.gnu-tools-for-stm32.9-2020-q2-update.win32_2.0.0.202105311346/tools/bin/../lib/gcc/arm-none-eabi/9.3.1/../../../../arm-none-eabi/lib/thumb/v7e-m+dp/hard\libc_nano.a(lib_a-nano-mallocr.o)
                0x0000000024026664                __malloc_free_list
 *(COMMON)
 COMMON         0x0000000024026668       0xc0 ./Core/Src/fdcan.o
                0x0000000024026668                sFilterConfig
                0x0000000024026688                hfdcan1
 COMMON         0x0000000024026728        0xc ./Core/Src/freertos.o
                0x0000000024026728                defaultTaskHandle
                0x000000002402672c                myTask02Handle
                0x0000000024026730                myTask03Handle
 COMMON         0x0000000024026734       0x5c ./Core/Src/main.o
                0x0000000024026734                RxHeader1
                0x000000002402675c                TxHeader1
                0x0000000024026780                TxData_Node2_To_Node3
                0x0000000024026788                RxData_From_Node3
 COMMON         0x0000000024026790       0x4c ./Core/Src/stm32h7xx_hal_timebase_tim.o
                0x0000000024026790                htim4
 COMMON         0x00000000240267dc        0x4 ./Drivers/STM32H7xx_HAL_Driver/Src/stm32h7xx_hal.o
                0x00000000240267dc                uwTick
 COMMON         0x00000000240267e0       0x40 ./Middlewares/Third_Party/FreeRTOS/Source/queue.o
                0x00000000240267e0                xQueueRegistry
 COMMON         0x0000000024026820        0x9 c:/st/stm32cubeide_1.8.0/stm32cubeide/plugins/com.st.stm32cube.ide.mcu.externaltools.gnu-tools-for-stm32.9-2020-q2-update.win32_2.0.0.202105311346/tools/bin/../lib/gcc/arm-none-eabi/9.3.1/../../../../arm-none-eabi/lib/thumb/v7e-m+dp/hard\libc_nano.a(lib_a-lock.o)
                0x0000000024026820                __lock___atexit_recursive_mutex
                0x0000000024026821                __lock___arc4random_mutex
                0x0000000024026822                __lock___env_recursive_mutex
                0x0000000024026823                __lock___sinit_recursive_mutex
                0x0000000024026824                __lock___malloc_recursive_mutex
                0x0000000024026825                __lock___at_quick_exit_mutex
                0x0000000024026826                __lock___dd_hash_mutex
                0x0000000024026827                __lock___tz_mutex
                0x0000000024026828                __lock___sfp_recursive_mutex
                0x000000002402682c                . = ALIGN (0x4)
 *fill*         0x0000000024026829        0x3 
                0x000000002402682c                _ebss = .
                0x000000002402682c                __bss_end__ = _ebss

._user_heap_stack
                0x000000002402682c      0x604 load address 0x000000000800799c
                0x0000000024026830                . = ALIGN (0x8)
 *fill*         0x000000002402682c        0x4 
                [!provide]                        PROVIDE (end = .)
                0x0000000024026830                PROVIDE (_end = .)
                0x0000000024026a30                . = (. + _Min_Heap_Size)
 *fill*         0x0000000024026830      0x200 
                0x0000000024026e30                . = (. + _Min_Stack_Size)
 *fill*         0x0000000024026a30      0x400 
                0x0000000024026e30                . = ALIGN (0x8)

/DISCARD/
 libc.a(*)
 libm.a(*)
 libgcc.a(*)

.ARM.attributes
                0x0000000000000000       0x2e
 *(.ARM.attributes)
 .ARM.attributes
                0x0000000000000000       0x1e c:/st/stm32cubeide_1.8.0/stm32cubeide/plugins/com.st.stm32cube.ide.mcu.externaltools.gnu-tools-for-stm32.9-2020-q2-update.win32_2.0.0.202105311346/tools/bin/../lib/gcc/arm-none-eabi/9.3.1/thumb/v7e-m+dp/hard/crti.o
 .ARM.attributes
                0x000000000000001e       0x32 c:/st/stm32cubeide_1.8.0/stm32cubeide/plugins/com.st.stm32cube.ide.mcu.externaltools.gnu-tools-for-stm32.9-2020-q2-update.win32_2.0.0.202105311346/tools/bin/../lib/gcc/arm-none-eabi/9.3.1/thumb/v7e-m+dp/hard/crtbegin.o
 .ARM.attributes
                0x0000000000000050       0x32 ./Core/Src/_7_seg.o
 .ARM.attributes
                0x0000000000000082       0x32 ./Core/Src/fdcan.o
 .ARM.attributes
                0x00000000000000b4       0x32 ./Core/Src/freertos.o
 .ARM.attributes
                0x00000000000000e6       0x32 ./Core/Src/gpio.o
 .ARM.attributes
                0x0000000000000118       0x32 ./Core/Src/main.o
 .ARM.attributes
                0x000000000000014a       0x32 ./Core/Src/stm32h7xx_hal_msp.o
 .ARM.attributes
                0x000000000000017c       0x32 ./Core/Src/stm32h7xx_hal_timebase_tim.o
 .ARM.attributes
                0x00000000000001ae       0x32 ./Core/Src/stm32h7xx_it.o
 .ARM.attributes
                0x00000000000001e0       0x32 ./Core/Src/system_stm32h7xx.o
 .ARM.attributes
                0x0000000000000212       0x21 ./Core/Startup/startup_stm32h7a3zitxq.o
 .ARM.attributes
                0x0000000000000233       0x32 ./Drivers/STM32H7xx_HAL_Driver/Src/stm32h7xx_hal.o
 .ARM.attributes
                0x0000000000000265       0x32 ./Drivers/STM32H7xx_HAL_Driver/Src/stm32h7xx_hal_cortex.o
 .ARM.attributes
                0x0000000000000297       0x32 ./Drivers/STM32H7xx_HAL_Driver/Src/stm32h7xx_hal_fdcan.o
 .ARM.attributes
                0x00000000000002c9       0x32 ./Drivers/STM32H7xx_HAL_Driver/Src/stm32h7xx_hal_gpio.o
 .ARM.attributes
                0x00000000000002fb       0x32 ./Drivers/STM32H7xx_HAL_Driver/Src/stm32h7xx_hal_pwr_ex.o
 .ARM.attributes
                0x000000000000032d       0x32 ./Drivers/STM32H7xx_HAL_Driver/Src/stm32h7xx_hal_rcc.o
 .ARM.attributes
                0x000000000000035f       0x32 ./Drivers/STM32H7xx_HAL_Driver/Src/stm32h7xx_hal_rcc_ex.o
 .ARM.attributes
                0x0000000000000391       0x32 ./Drivers/STM32H7xx_HAL_Driver/Src/stm32h7xx_hal_tim.o
 .ARM.attributes
                0x00000000000003c3       0x32 ./Drivers/STM32H7xx_HAL_Driver/Src/stm32h7xx_hal_tim_ex.o
 .ARM.attributes
                0x00000000000003f5       0x32 ./Middlewares/Third_Party/FreeRTOS/Source/CMSIS_RTOS_V2/cmsis_os2.o
 .ARM.attributes
                0x0000000000000427       0x32 ./Middlewares/Third_Party/FreeRTOS/Source/list.o
 .ARM.attributes
                0x0000000000000459       0x32 ./Middlewares/Third_Party/FreeRTOS/Source/queue.o
 .ARM.attributes
                0x000000000000048b       0x32 ./Middlewares/Third_Party/FreeRTOS/Source/tasks.o
 .ARM.attributes
                0x00000000000004bd       0x32 ./Middlewares/Third_Party/FreeRTOS/Source/timers.o
 .ARM.attributes
                0x00000000000004ef       0x32 ./Middlewares/Third_Party/FreeRTOS/Source/portable/GCC/ARM_CM4F/port.o
 .ARM.attributes
                0x0000000000000521       0x32 ./Middlewares/Third_Party/FreeRTOS/Source/portable/MemMang/heap_4.o
 .ARM.attributes
                0x0000000000000553       0x32 c:/st/stm32cubeide_1.8.0/stm32cubeide/plugins/com.st.stm32cube.ide.mcu.externaltools.gnu-tools-for-stm32.9-2020-q2-update.win32_2.0.0.202105311346/tools/bin/../lib/gcc/arm-none-eabi/9.3.1/../../../../arm-none-eabi/lib/thumb/v7e-m+dp/hard\libc_nano.a(lib_a-findfp.o)
 .ARM.attributes
                0x0000000000000585       0x30 c:/st/stm32cubeide_1.8.0/stm32cubeide/plugins/com.st.stm32cube.ide.mcu.externaltools.gnu-tools-for-stm32.9-2020-q2-update.win32_2.0.0.202105311346/tools/bin/../lib/gcc/arm-none-eabi/9.3.1/../../../../arm-none-eabi/lib/thumb/v7e-m+dp/hard\libc_nano.a(lib_a-impure.o)
 .ARM.attributes
                0x00000000000005b5       0x32 c:/st/stm32cubeide_1.8.0/stm32cubeide/plugins/com.st.stm32cube.ide.mcu.externaltools.gnu-tools-for-stm32.9-2020-q2-update.win32_2.0.0.202105311346/tools/bin/../lib/gcc/arm-none-eabi/9.3.1/../../../../arm-none-eabi/lib/thumb/v7e-m+dp/hard\libc_nano.a(lib_a-init.o)
 .ARM.attributes
                0x00000000000005e7       0x32 c:/st/stm32cubeide_1.8.0/stm32cubeide/plugins/com.st.stm32cube.ide.mcu.externaltools.gnu-tools-for-stm32.9-2020-q2-update.win32_2.0.0.202105311346/tools/bin/../lib/gcc/arm-none-eabi/9.3.1/../../../../arm-none-eabi/lib/thumb/v7e-m+dp/hard\libc_nano.a(lib_a-lock.o)
 .ARM.attributes
                0x0000000000000619       0x32 c:/st/stm32cubeide_1.8.0/stm32cubeide/plugins/com.st.stm32cube.ide.mcu.externaltools.gnu-tools-for-stm32.9-2020-q2-update.win32_2.0.0.202105311346/tools/bin/../lib/gcc/arm-none-eabi/9.3.1/../../../../arm-none-eabi/lib/thumb/v7e-m+dp/hard\libc_nano.a(lib_a-memcpy-stub.o)
 .ARM.attributes
                0x000000000000064b       0x32 c:/st/stm32cubeide_1.8.0/stm32cubeide/plugins/com.st.stm32cube.ide.mcu.externaltools.gnu-tools-for-stm32.9-2020-q2-update.win32_2.0.0.202105311346/tools/bin/../lib/gcc/arm-none-eabi/9.3.1/../../../../arm-none-eabi/lib/thumb/v7e-m+dp/hard\libc_nano.a(lib_a-memset.o)
 .ARM.attributes
                0x000000000000067d       0x32 c:/st/stm32cubeide_1.8.0/stm32cubeide/plugins/com.st.stm32cube.ide.mcu.externaltools.gnu-tools-for-stm32.9-2020-q2-update.win32_2.0.0.202105311346/tools/bin/../lib/gcc/arm-none-eabi/9.3.1/../../../../arm-none-eabi/lib/thumb/v7e-m+dp/hard\libc_nano.a(lib_a-nano-mallocr.o)
 .ARM.attributes
                0x00000000000006af       0x32 c:/st/stm32cubeide_1.8.0/stm32cubeide/plugins/com.st.stm32cube.ide.mcu.externaltools.gnu-tools-for-stm32.9-2020-q2-update.win32_2.0.0.202105311346/tools/bin/../lib/gcc/arm-none-eabi/9.3.1/../../../../arm-none-eabi/lib/thumb/v7e-m+dp/hard\libc_nano.a(lib_a-reent.o)
 .ARM.attributes
                0x00000000000006e1       0x32 c:/st/stm32cubeide_1.8.0/stm32cubeide/plugins/com.st.stm32cube.ide.mcu.externaltools.gnu-tools-for-stm32.9-2020-q2-update.win32_2.0.0.202105311346/tools/bin/../lib/gcc/arm-none-eabi/9.3.1/../../../../arm-none-eabi/lib/thumb/v7e-m+dp/hard\libc_nano.a(lib_a-mlock.o)
 .ARM.attributes
                0x0000000000000713       0x32 c:/st/stm32cubeide_1.8.0/stm32cubeide/plugins/com.st.stm32cube.ide.mcu.externaltools.gnu-tools-for-stm32.9-2020-q2-update.win32_2.0.0.202105311346/tools/bin/../lib/gcc/arm-none-eabi/9.3.1/../../../../arm-none-eabi/lib/thumb/v7e-m+dp/hard\libc_nano.a(lib_a-nano-freer.o)
 .ARM.attributes
                0x0000000000000745       0x1e c:/st/stm32cubeide_1.8.0/stm32cubeide/plugins/com.st.stm32cube.ide.mcu.externaltools.gnu-tools-for-stm32.9-2020-q2-update.win32_2.0.0.202105311346/tools/bin/../lib/gcc/arm-none-eabi/9.3.1/thumb/v7e-m+dp/hard/crtn.o
OUTPUT(Capstone.elf elf32-littlearm)
LOAD linker stubs
LOAD c:/st/stm32cubeide_1.8.0/stm32cubeide/plugins/com.st.stm32cube.ide.mcu.externaltools.gnu-tools-for-stm32.9-2020-q2-update.win32_2.0.0.202105311346/tools/bin/../lib/gcc/arm-none-eabi/9.3.1/../../../../arm-none-eabi/lib/thumb/v7e-m+dp/hard\libc.a
LOAD c:/st/stm32cubeide_1.8.0/stm32cubeide/plugins/com.st.stm32cube.ide.mcu.externaltools.gnu-tools-for-stm32.9-2020-q2-update.win32_2.0.0.202105311346/tools/bin/../lib/gcc/arm-none-eabi/9.3.1/../../../../arm-none-eabi/lib/thumb/v7e-m+dp/hard\libm.a
LOAD c:/st/stm32cubeide_1.8.0/stm32cubeide/plugins/com.st.stm32cube.ide.mcu.externaltools.gnu-tools-for-stm32.9-2020-q2-update.win32_2.0.0.202105311346/tools/bin/../lib/gcc/arm-none-eabi/9.3.1/thumb/v7e-m+dp/hard\libgcc.a

.debug_info     0x0000000000000000    0x2d011
 .debug_info    0x0000000000000000     0x1080 ./Core/Src/_7_seg.o
 .debug_info    0x0000000000001080     0x1c01 ./Core/Src/fdcan.o
 .debug_info    0x0000000000002c81     0x166f ./Core/Src/freertos.o
 .debug_info    0x00000000000042f0     0x111b ./Core/Src/gpio.o
 .debug_info    0x000000000000540b     0x1f3a ./Core/Src/main.o
 .debug_info    0x0000000000007345     0x12cc ./Core/Src/stm32h7xx_hal_msp.o
 .debug_info    0x0000000000008611     0x1ac3 ./Core/Src/stm32h7xx_hal_timebase_tim.o
 .debug_info    0x000000000000a0d4     0x127b ./Core/Src/stm32h7xx_it.o
 .debug_info    0x000000000000b34f     0x16cb ./Core/Src/system_stm32h7xx.o
 .debug_info    0x000000000000ca1a       0x22 ./Core/Startup/startup_stm32h7a3zitxq.o
 .debug_info    0x000000000000ca3c     0x1dfd ./Drivers/STM32H7xx_HAL_Driver/Src/stm32h7xx_hal.o
 .debug_info    0x000000000000e839     0x1bb6 ./Drivers/STM32H7xx_HAL_Driver/Src/stm32h7xx_hal_cortex.o
 .debug_info    0x00000000000103ef     0x3780 ./Drivers/STM32H7xx_HAL_Driver/Src/stm32h7xx_hal_fdcan.o
 .debug_info    0x0000000000013b6f     0x167e ./Drivers/STM32H7xx_HAL_Driver/Src/stm32h7xx_hal_gpio.o
 .debug_info    0x00000000000151ed     0x1a23 ./Drivers/STM32H7xx_HAL_Driver/Src/stm32h7xx_hal_pwr_ex.o
 .debug_info    0x0000000000016c10     0x197c ./Drivers/STM32H7xx_HAL_Driver/Src/stm32h7xx_hal_rcc.o
 .debug_info    0x000000000001858c     0x1cb1 ./Drivers/STM32H7xx_HAL_Driver/Src/stm32h7xx_hal_rcc_ex.o
 .debug_info    0x000000000001a23d     0x37a3 ./Drivers/STM32H7xx_HAL_Driver/Src/stm32h7xx_hal_tim.o
 .debug_info    0x000000000001d9e0     0x230c ./Drivers/STM32H7xx_HAL_Driver/Src/stm32h7xx_hal_tim_ex.o
 .debug_info    0x000000000001fcec     0x41f8 ./Middlewares/Third_Party/FreeRTOS/Source/CMSIS_RTOS_V2/cmsis_os2.o
 .debug_info    0x0000000000023ee4      0xb82 ./Middlewares/Third_Party/FreeRTOS/Source/list.o
 .debug_info    0x0000000000024a66     0x23b0 ./Middlewares/Third_Party/FreeRTOS/Source/queue.o
 .debug_info    0x0000000000026e16     0x2ae2 ./Middlewares/Third_Party/FreeRTOS/Source/tasks.o
 .debug_info    0x00000000000298f8     0x1c03 ./Middlewares/Third_Party/FreeRTOS/Source/timers.o
 .debug_info    0x000000000002b4fb      0xd8a ./Middlewares/Third_Party/FreeRTOS/Source/portable/GCC/ARM_CM4F/port.o
 .debug_info    0x000000000002c285      0xd8c ./Middlewares/Third_Party/FreeRTOS/Source/portable/MemMang/heap_4.o

.debug_abbrev   0x0000000000000000     0x493a
 .debug_abbrev  0x0000000000000000      0x28c ./Core/Src/_7_seg.o
 .debug_abbrev  0x000000000000028c      0x289 ./Core/Src/fdcan.o
 .debug_abbrev  0x0000000000000515      0x24d ./Core/Src/freertos.o
 .debug_abbrev  0x0000000000000762      0x23a ./Core/Src/gpio.o
 .debug_abbrev  0x000000000000099c      0x2ba ./Core/Src/main.o
 .debug_abbrev  0x0000000000000c56      0x220 ./Core/Src/stm32h7xx_hal_msp.o
 .debug_abbrev  0x0000000000000e76      0x282 ./Core/Src/stm32h7xx_hal_timebase_tim.o
 .debug_abbrev  0x00000000000010f8      0x211 ./Core/Src/stm32h7xx_it.o
 .debug_abbrev  0x0000000000001309      0x262 ./Core/Src/system_stm32h7xx.o
 .debug_abbrev  0x000000000000156b       0x12 ./Core/Startup/startup_stm32h7a3zitxq.o
 .debug_abbrev  0x000000000000157d      0x31b ./Drivers/STM32H7xx_HAL_Driver/Src/stm32h7xx_hal.o
 .debug_abbrev  0x0000000000001898      0x409 ./Drivers/STM32H7xx_HAL_Driver/Src/stm32h7xx_hal_cortex.o
 .debug_abbrev  0x0000000000001ca1      0x343 ./Drivers/STM32H7xx_HAL_Driver/Src/stm32h7xx_hal_fdcan.o
 .debug_abbrev  0x0000000000001fe4      0x2cb ./Drivers/STM32H7xx_HAL_Driver/Src/stm32h7xx_hal_gpio.o
 .debug_abbrev  0x00000000000022af      0x33f ./Drivers/STM32H7xx_HAL_Driver/Src/stm32h7xx_hal_pwr_ex.o
 .debug_abbrev  0x00000000000025ee      0x322 ./Drivers/STM32H7xx_HAL_Driver/Src/stm32h7xx_hal_rcc.o
 .debug_abbrev  0x0000000000002910      0x32e ./Drivers/STM32H7xx_HAL_Driver/Src/stm32h7xx_hal_rcc_ex.o
 .debug_abbrev  0x0000000000002c3e      0x2f9 ./Drivers/STM32H7xx_HAL_Driver/Src/stm32h7xx_hal_tim.o
 .debug_abbrev  0x0000000000002f37      0x301 ./Drivers/STM32H7xx_HAL_Driver/Src/stm32h7xx_hal_tim_ex.o
 .debug_abbrev  0x0000000000003238      0x4d2 ./Middlewares/Third_Party/FreeRTOS/Source/CMSIS_RTOS_V2/cmsis_os2.o
 .debug_abbrev  0x000000000000370a      0x1f7 ./Middlewares/Third_Party/FreeRTOS/Source/list.o
 .debug_abbrev  0x0000000000003901      0x380 ./Middlewares/Third_Party/FreeRTOS/Source/queue.o
 .debug_abbrev  0x0000000000003c81      0x39a ./Middlewares/Third_Party/FreeRTOS/Source/tasks.o
 .debug_abbrev  0x000000000000401b      0x317 ./Middlewares/Third_Party/FreeRTOS/Source/timers.o
 .debug_abbrev  0x0000000000004332      0x335 ./Middlewares/Third_Party/FreeRTOS/Source/portable/GCC/ARM_CM4F/port.o
 .debug_abbrev  0x0000000000004667      0x2d3 ./Middlewares/Third_Party/FreeRTOS/Source/portable/MemMang/heap_4.o

.debug_aranges  0x0000000000000000     0x1a50
 .debug_aranges
                0x0000000000000000      0x1b8 ./Core/Src/_7_seg.o
 .debug_aranges
                0x00000000000001b8       0x30 ./Core/Src/fdcan.o
 .debug_aranges
                0x00000000000001e8       0x38 ./Core/Src/freertos.o
 .debug_aranges
                0x0000000000000220       0x20 ./Core/Src/gpio.o
 .debug_aranges
                0x0000000000000240       0x40 ./Core/Src/main.o
 .debug_aranges
                0x0000000000000280       0x20 ./Core/Src/stm32h7xx_hal_msp.o
 .debug_aranges
                0x00000000000002a0       0x30 ./Core/Src/stm32h7xx_hal_timebase_tim.o
 .debug_aranges
                0x00000000000002d0       0x50 ./Core/Src/stm32h7xx_it.o
 .debug_aranges
                0x0000000000000320       0x28 ./Core/Src/system_stm32h7xx.o
 .debug_aranges
                0x0000000000000348       0x28 ./Core/Startup/startup_stm32h7a3zitxq.o
 .debug_aranges
                0x0000000000000370      0x1a0 ./Drivers/STM32H7xx_HAL_Driver/Src/stm32h7xx_hal.o
 .debug_aranges
                0x0000000000000510      0x120 ./Drivers/STM32H7xx_HAL_Driver/Src/stm32h7xx_hal_cortex.o
 .debug_aranges
                0x0000000000000630      0x338 ./Drivers/STM32H7xx_HAL_Driver/Src/stm32h7xx_hal_fdcan.o
 .debug_aranges
                0x0000000000000968       0x58 ./Drivers/STM32H7xx_HAL_Driver/Src/stm32h7xx_hal_gpio.o
 .debug_aranges
                0x00000000000009c0      0x188 ./Drivers/STM32H7xx_HAL_Driver/Src/stm32h7xx_hal_pwr_ex.o
 .debug_aranges
                0x0000000000000b48       0x88 ./Drivers/STM32H7xx_HAL_Driver/Src/stm32h7xx_hal_rcc.o
 .debug_aranges
                0x0000000000000bd0       0xf0 ./Drivers/STM32H7xx_HAL_Driver/Src/stm32h7xx_hal_rcc_ex.o
 .debug_aranges
                0x0000000000000cc0      0x3e0 ./Drivers/STM32H7xx_HAL_Driver/Src/stm32h7xx_hal_tim.o
 .debug_aranges
                0x00000000000010a0      0x198 ./Drivers/STM32H7xx_HAL_Driver/Src/stm32h7xx_hal_tim_ex.o
 .debug_aranges
                0x0000000000001238      0x2b0 ./Middlewares/Third_Party/FreeRTOS/Source/CMSIS_RTOS_V2/cmsis_os2.o
 .debug_aranges
                0x00000000000014e8       0x40 ./Middlewares/Third_Party/FreeRTOS/Source/list.o
 .debug_aranges
                0x0000000000001528      0x158 ./Middlewares/Third_Party/FreeRTOS/Source/queue.o
 .debug_aranges
                0x0000000000001680      0x208 ./Middlewares/Third_Party/FreeRTOS/Source/tasks.o
 .debug_aranges
                0x0000000000001888       0xf0 ./Middlewares/Third_Party/FreeRTOS/Source/timers.o
 .debug_aranges
                0x0000000000001978       0x80 ./Middlewares/Third_Party/FreeRTOS/Source/portable/GCC/ARM_CM4F/port.o
 .debug_aranges
                0x00000000000019f8       0x58 ./Middlewares/Third_Party/FreeRTOS/Source/portable/MemMang/heap_4.o

.debug_ranges   0x0000000000000000     0x18b8
 .debug_ranges  0x0000000000000000      0x1a8 ./Core/Src/_7_seg.o
 .debug_ranges  0x00000000000001a8       0x20 ./Core/Src/fdcan.o
 .debug_ranges  0x00000000000001c8       0x28 ./Core/Src/freertos.o
 .debug_ranges  0x00000000000001f0       0x10 ./Core/Src/gpio.o
 .debug_ranges  0x0000000000000200       0x30 ./Core/Src/main.o
 .debug_ranges  0x0000000000000230       0x10 ./Core/Src/stm32h7xx_hal_msp.o
 .debug_ranges  0x0000000000000240       0x20 ./Core/Src/stm32h7xx_hal_timebase_tim.o
 .debug_ranges  0x0000000000000260       0x40 ./Core/Src/stm32h7xx_it.o
 .debug_ranges  0x00000000000002a0       0x18 ./Core/Src/system_stm32h7xx.o
 .debug_ranges  0x00000000000002b8       0x20 ./Core/Startup/startup_stm32h7a3zitxq.o
 .debug_ranges  0x00000000000002d8      0x190 ./Drivers/STM32H7xx_HAL_Driver/Src/stm32h7xx_hal.o
 .debug_ranges  0x0000000000000468      0x110 ./Drivers/STM32H7xx_HAL_Driver/Src/stm32h7xx_hal_cortex.o
 .debug_ranges  0x0000000000000578      0x328 ./Drivers/STM32H7xx_HAL_Driver/Src/stm32h7xx_hal_fdcan.o
 .debug_ranges  0x00000000000008a0       0x48 ./Drivers/STM32H7xx_HAL_Driver/Src/stm32h7xx_hal_gpio.o
 .debug_ranges  0x00000000000008e8      0x178 ./Drivers/STM32H7xx_HAL_Driver/Src/stm32h7xx_hal_pwr_ex.o
 .debug_ranges  0x0000000000000a60       0x78 ./Drivers/STM32H7xx_HAL_Driver/Src/stm32h7xx_hal_rcc.o
 .debug_ranges  0x0000000000000ad8       0xe0 ./Drivers/STM32H7xx_HAL_Driver/Src/stm32h7xx_hal_rcc_ex.o
 .debug_ranges  0x0000000000000bb8      0x3d0 ./Drivers/STM32H7xx_HAL_Driver/Src/stm32h7xx_hal_tim.o
 .debug_ranges  0x0000000000000f88      0x188 ./Drivers/STM32H7xx_HAL_Driver/Src/stm32h7xx_hal_tim_ex.o
 .debug_ranges  0x0000000000001110      0x2a0 ./Middlewares/Third_Party/FreeRTOS/Source/CMSIS_RTOS_V2/cmsis_os2.o
 .debug_ranges  0x00000000000013b0       0x30 ./Middlewares/Third_Party/FreeRTOS/Source/list.o
 .debug_ranges  0x00000000000013e0      0x148 ./Middlewares/Third_Party/FreeRTOS/Source/queue.o
 .debug_ranges  0x0000000000001528      0x1f8 ./Middlewares/Third_Party/FreeRTOS/Source/tasks.o
 .debug_ranges  0x0000000000001720       0xe0 ./Middlewares/Third_Party/FreeRTOS/Source/timers.o
 .debug_ranges  0x0000000000001800       0x70 ./Middlewares/Third_Party/FreeRTOS/Source/portable/GCC/ARM_CM4F/port.o
 .debug_ranges  0x0000000000001870       0x48 ./Middlewares/Third_Party/FreeRTOS/Source/portable/MemMang/heap_4.o

.debug_macro    0x0000000000000000    0x33772
 .debug_macro   0x0000000000000000      0x2bc ./Core/Src/_7_seg.o
 .debug_macro   0x00000000000002bc      0xac0 ./Core/Src/_7_seg.o
 .debug_macro   0x0000000000000d7c      0x238 ./Core/Src/_7_seg.o
 .debug_macro   0x0000000000000fb4       0x2e ./Core/Src/_7_seg.o
 .debug_macro   0x0000000000000fe2       0x42 ./Core/Src/_7_seg.o
 .debug_macro   0x0000000000001024       0x22 ./Core/Src/_7_seg.o
 .debug_macro   0x0000000000001046       0x8e ./Core/Src/_7_seg.o
 .debug_macro   0x00000000000010d4       0x51 ./Core/Src/_7_seg.o
 .debug_macro   0x0000000000001125      0x103 ./Core/Src/_7_seg.o
 .debug_macro   0x0000000000001228       0x6a ./Core/Src/_7_seg.o
 .debug_macro   0x0000000000001292      0x1df ./Core/Src/_7_seg.o
 .debug_macro   0x0000000000001471       0x1c ./Core/Src/_7_seg.o
 .debug_macro   0x000000000000148d       0x22 ./Core/Src/_7_seg.o
 .debug_macro   0x00000000000014af      0x101 ./Core/Src/_7_seg.o
 .debug_macro   0x00000000000015b0     0x1305 ./Core/Src/_7_seg.o
 .debug_macro   0x00000000000028b5      0x11f ./Core/Src/_7_seg.o
 .debug_macro   0x00000000000029d4       0x27 ./Core/Src/_7_seg.o
 .debug_macro   0x00000000000029fb    0x1e8b9 ./Core/Src/_7_seg.o
 .debug_macro   0x00000000000212b4       0x6d ./Core/Src/_7_seg.o
 .debug_macro   0x0000000000021321     0x3d25 ./Core/Src/_7_seg.o
 .debug_macro   0x0000000000025046      0x174 ./Core/Src/_7_seg.o
 .debug_macro   0x00000000000251ba       0x52 ./Core/Src/_7_seg.o
 .debug_macro   0x000000000002520c       0x17 ./Core/Src/_7_seg.o
 .debug_macro   0x0000000000025223       0x3c ./Core/Src/_7_seg.o
 .debug_macro   0x000000000002525f       0x34 ./Core/Src/_7_seg.o
 .debug_macro   0x0000000000025293       0x16 ./Core/Src/_7_seg.o
 .debug_macro   0x00000000000252a9       0x43 ./Core/Src/_7_seg.o
 .debug_macro   0x00000000000252ec       0x34 ./Core/Src/_7_seg.o
 .debug_macro   0x0000000000025320       0x10 ./Core/Src/_7_seg.o
 .debug_macro   0x0000000000025330       0x58 ./Core/Src/_7_seg.o
 .debug_macro   0x0000000000025388       0x71 ./Core/Src/_7_seg.o
 .debug_macro   0x00000000000253f9       0x1c ./Core/Src/_7_seg.o
 .debug_macro   0x0000000000025415      0x12a ./Core/Src/_7_seg.o
 .debug_macro   0x000000000002553f      0x333 ./Core/Src/_7_seg.o
 .debug_macro   0x0000000000025872      0x1a9 ./Core/Src/_7_seg.o
 .debug_macro   0x0000000000025a1b       0x5d ./Core/Src/_7_seg.o
 .debug_macro   0x0000000000025a78     0x24ee ./Core/Src/_7_seg.o
 .debug_macro   0x0000000000027f66     0x1010 ./Core/Src/_7_seg.o
 .debug_macro   0x0000000000028f76      0x14d ./Core/Src/_7_seg.o
 .debug_macro   0x00000000000290c3      0x114 ./Core/Src/_7_seg.o
 .debug_macro   0x00000000000291d7      0x3bf ./Core/Src/_7_seg.o
 .debug_macro   0x0000000000029596       0xac ./Core/Src/_7_seg.o
 .debug_macro   0x0000000000029642      0x70a ./Core/Src/_7_seg.o
 .debug_macro   0x0000000000029d4c      0x20c ./Core/Src/_7_seg.o
 .debug_macro   0x0000000000029f58       0x66 ./Core/Src/_7_seg.o
 .debug_macro   0x0000000000029fbe      0x3c9 ./Core/Src/_7_seg.o
 .debug_macro   0x000000000002a387      0x3eb ./Core/Src/_7_seg.o
 .debug_macro   0x000000000002a772      0x275 ./Core/Src/_7_seg.o
 .debug_macro   0x000000000002a9e7      0xe34 ./Core/Src/_7_seg.o
 .debug_macro   0x000000000002b81b      0x6c8 ./Core/Src/_7_seg.o
 .debug_macro   0x000000000002bee3      0x520 ./Core/Src/_7_seg.o
 .debug_macro   0x000000000002c403       0x58 ./Core/Src/_7_seg.o
 .debug_macro   0x000000000002c45b       0x4a ./Core/Src/_7_seg.o
 .debug_macro   0x000000000002c4a5      0x22c ./Core/Src/_7_seg.o
 .debug_macro   0x000000000002c6d1       0x67 ./Core/Src/_7_seg.o
 .debug_macro   0x000000000002c738       0xa5 ./Core/Src/_7_seg.o
 .debug_macro   0x000000000002c7dd      0x1bd ./Core/Src/_7_seg.o
 .debug_macro   0x000000000002c99a      0x2dc ./Core/Src/_7_seg.o
 .debug_macro   0x000000000002cc76       0x35 ./Core/Src/_7_seg.o
 .debug_macro   0x000000000002ccab      0xb01 ./Core/Src/_7_seg.o