_7_seg.c:4:6:PowerOn_7_SEG_D1	8	static
_7_seg.c:8:6:PowerOff_7_SEG_D1	8	static
_7_seg.c:12:6:PowerOn_7_SEG_D2	8	static
_7_seg.c:16:6:PowerOff_7_SEG_D2	8	static
_7_seg.c:20:6:PowerOn_7_SEG_D3	8	static
_7_seg.c:24:6:PowerOff_7_SEG_D3	8	static
_7_seg.c:28:6:PowerOn_7_SEG_D4	8	static
_7_seg.c:32:6:PowerOff_7_SEG_D4	8	static
_7_seg.c:37:6:On_7_SEG_AllPin	8	static
_7_seg.c:42:6:Off_7_SEG_AllPin	8	static
_7_seg.c:49:6:On_7_SEG_OnePin	16	static
_7_seg.c:53:6:Off_7_SEG_OnePin	16	static
_7_seg.c:57:6:_7_SEG_Pin_Test	8	static
_7_seg.c:72:6:_7_SEG_Num_Test	16	static
_7_seg.c:108:6:_7_SEG_Num_Test2	16	static
_7_seg.c:144:6:_7_SEG_20181367_Test	8	static
_7_seg.c:157:6:_7_SEG_1234_Test	8	static
_7_seg.c:185:6:_7_SEG_ultra	8	static
