15:48:59 **** Incremental Build of configuration Debug for project Capstone ****
make -j16 all 
arm-none-eabi-gcc "../Core/Src/freertos.c" -mcpu=cortex-m7 -std=gnu11 -g3 -DDEBUG -DUSE_HAL_DRIVER -DSTM32H7A3xxQ -c -I../Core/Inc -I../Drivers/STM32H7xx_HAL_Driver/Inc -I../Drivers/STM32H7xx_HAL_Driver/Inc/Legacy -I../Drivers/CMSIS/Device/ST/STM32H7xx/Include -I../Drivers/CMSIS/Include -I../Middlewares/Third_Party/FreeRTOS/Source/include -I../Middlewares/Third_Party/FreeRTOS/Source/CMSIS_RTOS_V2 -I../Middlewares/Third_Party/FreeRTOS/Source/portable/GCC/ARM_CM4F -O0 -ffunction-sections -fdata-sections -Wall -fstack-usage -MMD -MP -MF"Core/Src/freertos.d" -MT"Core/Src/freertos.o" --specs=nano.specs -mfpu=fpv5-d16 -mfloat-abi=hard -mthumb -o "Core/Src/freertos.o"
arm-none-eabi-gcc -o "Capstone.elf" @"objects.list"   -mcpu=cortex-m7 -T"C:\Users\qkcvb\STM32CubeIDE\workspace_1.8.0\Capstone\STM32H7A3ZITXQ_FLASH.ld" --specs=nosys.specs -Wl,-Map="Capstone.map" -Wl,--gc-sections -static --specs=nano.specs -mfpu=fpv5-d16 -mfloat-abi=hard -mthumb -Wl,--start-group -lc -lm -Wl,--end-group
Finished building target: Capstone.elf
 
arm-none-eabi-size   Capstone.elf 
arm-none-eabi-objdump -h -S  Capstone.elf  > "Capstone.list"
   text	   data	    bss	    dec	    hex	filename
  31000	    128	 159160	 190288	  2e750	Capstone.elf
arm-none-eabi-objcopy  -O binary  Capstone.elf  "Capstone.bin"
Finished building: default.size.stdout
 
Finished building: Capstone.list
Finished building: Capstone.bin
 
 

15:49:02 Build Finished. 0 errors, 0 warnings. (took 2s.490ms)

