20:21:34 **** Incremental Build of configuration Debug for project CubeIDE_1216_test ****
make -j16 all 
arm-none-eabi-gcc "../Core/Src/i2c.c" -mcpu=cortex-m3 -std=gnu11 -g3 -DDEBUG -DUSE_HAL_DRIVER -DSTM32F103xB -c -I../Core/Inc -I../Drivers/STM32F1xx_HAL_Driver/Inc -I../Drivers/STM32F1xx_HAL_Driver/Inc/Legacy -I../Drivers/CMSIS/Device/ST/STM32F1xx/Include -I../Drivers/CMSIS/Include -O0 -ffunction-sections -fdata-sections -Wall -fstack-usage -MMD -MP -MF"Core/Src/i2c.d" -MT"Core/Src/i2c.o" --specs=nano.specs -mfloat-abi=soft -mthumb -o "Core/Src/i2c.o"
arm-none-eabi-gcc -o "CubeIDE_1216_test.elf" @"objects.list"   -mcpu=cortex-m3 -T"C:\Users\qkcvb\STM32CubeIDE\workspace_1.8.0\CubeIDE_1216_test\STM32F103RBTX_FLASH.ld" --specs=nosys.specs -Wl,-Map="CubeIDE_1216_test.map" -Wl,--gc-sections -static --specs=nano.specs -mfloat-abi=soft -mthumb -u _printf_float -Wl,--start-group -lc -lm -Wl,--end-group
Finished building target: CubeIDE_1216_test.elf
 
arm-none-eabi-size   CubeIDE_1216_test.elf 
arm-none-eabi-objdump -h -S  CubeIDE_1216_test.elf  > "CubeIDE_1216_test.list"
arm-none-eabi-objcopy  -O binary  CubeIDE_1216_test.elf  "CubeIDE_1216_test.bin"
   text	   data	    bss	    dec	    hex	filename
  21884	    484	   1756	  24124	   5e3c	CubeIDE_1216_test.elf
Finished building: default.size.stdout
 
Finished building: CubeIDE_1216_test.bin
 
Finished building: CubeIDE_1216_test.list
 

20:21:35 Build Finished. 0 errors, 0 warnings. (took 1s.755ms)

