16:42:21 **** Incremental Build of configuration Debug for project tf-luna_CAN ****
make -j16 all 
arm-none-eabi-gcc "../Core/Src/main.c" -mcpu=cortex-m7 -std=gnu11 -g3 -DDEBUG -DUSE_HAL_DRIVER -DSTM32H7A3xxQ -c -I../Core/Inc -I../Drivers/STM32H7xx_HAL_Driver/Inc -I../Drivers/STM32H7xx_HAL_Driver/Inc/Legacy -I../Drivers/CMSIS/Device/ST/STM32H7xx/Include -I../Drivers/CMSIS/Include -O0 -ffunction-sections -fdata-sections -Wall -fstack-usage -MMD -MP -MF"Core/Src/main.d" -MT"Core/Src/main.o" --specs=nano.specs -mfpu=fpv5-d16 -mfloat-abi=hard -mthumb -o "Core/Src/main.o"
arm-none-eabi-gcc -o "tf-luna_CAN.elf" @"objects.list"   -mcpu=cortex-m7 -T"C:\Users\qkcvb\STM32CubeIDE\workspace_1.8.0\tf-luna_CAN\STM32H7A3ZITXQ_FLASH.ld" --specs=nosys.specs -Wl,-Map="tf-luna_CAN.map" -Wl,--gc-sections -static --specs=nano.specs -mfpu=fpv5-d16 -mfloat-abi=hard -mthumb -Wl,--start-group -lc -lm -Wl,--end-group
Finished building target: tf-luna_CAN.elf
 
arm-none-eabi-size   tf-luna_CAN.elf 
arm-none-eabi-objdump -h -S  tf-luna_CAN.elf  > "tf-luna_CAN.list"
   text	   data	    bss	    dec	    hex	filename
  29436	    128	   2192	  31756	   7c0c	tf-luna_CAN.elf
arm-none-eabi-objcopy  -O binary  tf-luna_CAN.elf  "tf-luna_CAN.bin"
Finished building: default.size.stdout
 
Finished building: tf-luna_CAN.list
Finished building: tf-luna_CAN.bin
 
 
16:42:35 **** Incremental Build of configuration Debug for project tf-luna_CAN ****
make -j16 all 
arm-none-eabi-size   tf-luna_CAN.elf 
   text	   data	    bss	    dec	    hex	filename
  29436	    128	   2192	  31756	   7c0c	tf-luna_CAN.elf
Finished building: default.size.stdout
 
