19:34:11 **** Incremental Build of configuration Debug for project STM32H7_cantest ****
make -j16 all 
arm-none-eabi-gcc "../Core/Src/main.c" -mcpu=cortex-m7 -std=gnu11 -g3 -DDEBUG -DUSE_HAL_DRIVER -DSTM32H7A3xxQ -c -I../Core/Inc -I../Drivers/STM32H7xx_HAL_Driver/Inc -I../Drivers/STM32H7xx_HAL_Driver/Inc/Legacy -I../Drivers/CMSIS/Device/ST/STM32H7xx/Include -I../Drivers/CMSIS/Include -O0 -ffunction-sections -fdata-sections -Wall -fstack-usage -MMD -MP -MF"Core/Src/main.d" -MT"Core/Src/main.o" --specs=nano.specs -mfpu=fpv5-d16 -mfloat-abi=hard -mthumb -o "Core/Src/main.o"
arm-none-eabi-gcc -o "STM32H7_cantest.elf" @"objects.list"   -mcpu=cortex-m7 -T"C:\Users\qkcvb\STM32CubeIDE\workspace_1.8.0\STM32H7_cantest\STM32H7A3ZITXQ_FLASH.ld" --specs=nosys.specs -Wl,-Map="STM32H7_cantest.map" -Wl,--gc-sections -static --specs=nano.specs -mfpu=fpv5-d16 -mfloat-abi=hard -mthumb -Wl,--start-group -lc -lm -Wl,--end-group
Finished building target: STM32H7_cantest.elf
 
arm-none-eabi-size   STM32H7_cantest.elf 
arm-none-eabi-objdump -h -S  STM32H7_cantest.elf  > "STM32H7_cantest.list"
   text	   data	    bss	    dec	    hex	filename
  14152	     24	   1728	  15904	   3e20	STM32H7_cantest.elf
arm-none-eabi-objcopy  -O binary  STM32H7_cantest.elf  "STM32H7_cantest.bin"
Finished building: default.size.stdout
 
Finished building: STM32H7_cantest.list
Finished building: STM32H7_cantest.bin
 
 

19:34:13 Build Finished. 0 errors, 0 warnings. (took 2s.31ms)

