19:28:25 **** Build of configuration Debug for project STM32CubeIDE_LED_test ****
make -j16 all 
arm-none-eabi-gcc "../Core/Src/led.c" -mcpu=cortex-m3 -std=gnu11 -g3 -DDEBUG -DUSE_HAL_DRIVER -DSTM32F103xB -c -I../Core/Inc -I../Drivers/STM32F1xx_HAL_Driver/Inc -I../Drivers/STM32F1xx_HAL_Driver/Inc/Legacy -I../Drivers/CMSIS/Device/ST/STM32F1xx/Include -I../Drivers/CMSIS/Include -O0 -ffunction-sections -fdata-sections -Wall -fstack-usage -MMD -MP -MF"Core/Src/led.d" -MT"Core/Src/led.o" --specs=nano.specs -mfloat-abi=soft -mthumb -o "Core/Src/led.o"
arm-none-eabi-gcc "../Core/Src/main.c" -mcpu=cortex-m3 -std=gnu11 -g3 -DDEBUG -DUSE_HAL_DRIVER -DSTM32F103xB -c -I../Core/Inc -I../Drivers/STM32F1xx_HAL_Driver/Inc -I../Drivers/STM32F1xx_HAL_Driver/Inc/Legacy -I../Drivers/CMSIS/Device/ST/STM32F1xx/Include -I../Drivers/CMSIS/Include -O0 -ffunction-sections -fdata-sections -Wall -fstack-usage -MMD -MP -MF"Core/Src/main.d" -MT"Core/Src/main.o" --specs=nano.specs -mfloat-abi=soft -mthumb -o "Core/Src/main.o"
arm-none-eabi-gcc -o "STM32CubeIDE_LED_test.elf" @"objects.list"   -mcpu=cortex-m3 -T"C:\Users\qkcvb\STM32CubeIDE\workspace_1.8.0\STM32CubeIDE_LED_test\STM32F103RBTX_FLASH.ld" --specs=nosys.specs -Wl,-Map="STM32CubeIDE_LED_test.map" -Wl,--gc-sections -static --specs=nano.specs -mfloat-abi=soft -mthumb -Wl,--start-group -lc -lm -Wl,--end-group
Finished building target: STM32CubeIDE_LED_test.elf
 
arm-none-eabi-size   STM32CubeIDE_LED_test.elf 
arm-none-eabi-objdump -h -S  STM32CubeIDE_LED_test.elf  > "STM32CubeIDE_LED_test.list"
   text	   data	    bss	    dec	    hex	filename
   4972	     20	   1572	   6564	   19a4	STM32CubeIDE_LED_test.elf
arm-none-eabi-objcopy  -O binary  STM32CubeIDE_LED_test.elf  "STM32CubeIDE_LED_test.bin"
Finished building: default.size.stdout
 
Finished building: STM32CubeIDE_LED_test.list
Finished building: STM32CubeIDE_LED_test.bin
 
 

19:28:27 Build Finished. 0 errors, 0 warnings. (took 2s.18ms)

