03:31:56 **** Incremental Build of configuration Debug for project STM32CubeIDE_1220_Test ****
make -j16 all 
arm-none-eabi-gcc "../Core/Src/_7_seg.c" -mcpu=cortex-m3 -std=gnu11 -g3 -DDEBUG -DUSE_HAL_DRIVER -DSTM32F103xB -c -I../Core/Inc -I../Drivers/STM32F1xx_HAL_Driver/Inc -I../Drivers/STM32F1xx_HAL_Driver/Inc/Legacy -I../Drivers/CMSIS/Device/ST/STM32F1xx/Include -I../Drivers/CMSIS/Include -O0 -ffunction-sections -fdata-sections -Wall -fstack-usage -MMD -MP -MF"Core/Src/_7_seg.d" -MT"Core/Src/_7_seg.o" --specs=nano.specs -mfloat-abi=soft -mthumb -o "Core/Src/_7_seg.o"
arm-none-eabi-gcc -o "STM32CubeIDE_1220_Test.elf" @"objects.list"   -mcpu=cortex-m3 -T"C:\Users\qkcvb\STM32CubeIDE\workspace_1.8.0\STM32CubeIDE_1220_Test\STM32F103RBTX_FLASH.ld" --specs=nosys.specs -Wl,-Map="STM32CubeIDE_1220_Test.map" -Wl,--gc-sections -static --specs=nano.specs -mfloat-abi=soft -mthumb -u _printf_float -Wl,--start-group -lc -lm -Wl,--end-group
Finished building target: STM32CubeIDE_1220_Test.elf
 
arm-none-eabi-size   STM32CubeIDE_1220_Test.elf 
arm-none-eabi-objdump -h -S  STM32CubeIDE_1220_Test.elf  > "STM32CubeIDE_1220_Test.list"
arm-none-eabi-objcopy  -O binary  STM32CubeIDE_1220_Test.elf  "STM32CubeIDE_1220_Test.bin"
   text	   data	    bss	    dec	    hex	filename
  22124	    484	   1756	  24364	   5f2c	STM32CubeIDE_1220_Test.elf
Finished building: default.size.stdout
 
Finished building: STM32CubeIDE_1220_Test.bin
 
Finished building: STM32CubeIDE_1220_Test.list
 

03:31:56 Build Finished. 0 errors, 0 warnings. (took 900ms)

