19:16:00 **** Incremental Build of configuration Debug for project tf-luna_CAN_ADC ****
make -j16 all 
arm-none-eabi-gcc "../Core/Src/main.c" -mcpu=cortex-m7 -std=gnu11 -g3 -DDEBUG -DUSE_HAL_DRIVER -DSTM32H7A3xxQ -c -I../Core/Inc -I../Drivers/STM32H7xx_HAL_Driver/Inc -I../Drivers/STM32H7xx_HAL_Driver/Inc/Legacy -I../Drivers/CMSIS/Device/ST/STM32H7xx/Include -I../Drivers/CMSIS/Include -O0 -ffunction-sections -fdata-sections -Wall -fstack-usage -MMD -MP -MF"Core/Src/main.d" -MT"Core/Src/main.o" --specs=nano.specs -mfpu=fpv5-d16 -mfloat-abi=hard -mthumb -o "Core/Src/main.o"
../Core/Src/main.c: In function 'main':
../Core/Src/main.c:233:8: warning: variable 'adc' set but not used [-Wunused-but-set-variable]
  233 |    int adc;
      |        ^~~
arm-none-eabi-gcc -o "tf-luna_CAN_ADC.elf" @"objects.list"   -mcpu=cortex-m7 -T"C:\Users\qkcvb\STM32CubeIDE\workspace_1.8.0\tf-luna_CAN_ADC\STM32H7A3ZITXQ_FLASH.ld" --specs=nosys.specs -Wl,-Map="tf-luna_CAN_ADC.map" -Wl,--gc-sections -static --specs=nano.specs -mfpu=fpv5-d16 -mfloat-abi=hard -mthumb -Wl,--start-group -lc -lm -Wl,--end-group
Finished building target: tf-luna_CAN_ADC.elf
 
arm-none-eabi-size   tf-luna_CAN_ADC.elf 
arm-none-eabi-objdump -h -S  tf-luna_CAN_ADC.elf  > "tf-luna_CAN_ADC.list"
   text	   data	    bss	    dec	    hex	filename
  37612	    128	   2264	  40004	   9c44	tf-luna_CAN_ADC.elf
arm-none-eabi-objcopy  -O binary  tf-luna_CAN_ADC.elf  "tf-luna_CAN_ADC.bin"
Finished building: default.size.stdout
 
Finished building: tf-luna_CAN_ADC.bin
Finished building: tf-luna_CAN_ADC.list
 
 

19:16:03 Build Finished. 0 errors, 1 warnings. (took 2s.602ms)

